Component: ARM Compiler 5.06 update 6 (build 750) Tool: armlink [4d35ed]

==============================================================================

Section Cross References

    startup_stm32f103xb.o(RESET) refers to startup_stm32f103xb.o(STACK) for __initial_sp
    startup_stm32f103xb.o(RESET) refers to startup_stm32f103xb.o(.text) for Reset_Handler
    startup_stm32f103xb.o(RESET) refers to stm32f1xx_it.o(i.NMI_Handler) for NMI_Handler
    startup_stm32f103xb.o(RESET) refers to stm32f1xx_it.o(i.HardFault_Handler) for HardFault_Handler
    startup_stm32f103xb.o(RESET) refers to stm32f1xx_it.o(i.MemManage_Handler) for MemManage_Handler
    startup_stm32f103xb.o(RESET) refers to stm32f1xx_it.o(i.BusFault_Handler) for BusFault_Handler
    startup_stm32f103xb.o(RESET) refers to stm32f1xx_it.o(i.UsageFault_Handler) for UsageFault_Handler
    startup_stm32f103xb.o(RESET) refers to stm32f1xx_it.o(i.SVC_Handler) for SVC_Handler
    startup_stm32f103xb.o(RESET) refers to stm32f1xx_it.o(i.DebugMon_Handler) for DebugMon_Handler
    startup_stm32f103xb.o(RESET) refers to stm32f1xx_it.o(i.PendSV_Handler) for PendSV_Handler
    startup_stm32f103xb.o(RESET) refers to stm32f1xx_it.o(i.SysTick_Handler) for SysTick_Handler
    startup_stm32f103xb.o(RESET) refers to stm32f1xx_it.o(i.TIM2_IRQHandler) for TIM2_IRQHandler
    startup_stm32f103xb.o(RESET) refers to stm32f1xx_it.o(i.USART1_IRQHandler) for USART1_IRQHandler
    startup_stm32f103xb.o(.text) refers to system_stm32f1xx.o(i.SystemInit) for SystemInit
    startup_stm32f103xb.o(.text) refers to entry.o(.ARM.Collect$$$$00000000) for __main
    main.o(i.Changef) refers to cdcmple.o(.text) for __aeabi_cdcmpeq
    main.o(i.Changef) refers to stm32f1xx_hal_gpio.o(i.HAL_GPIO_WritePin) for HAL_GPIO_WritePin
    main.o(i.Changef) refers to ddiv.o(.text) for __aeabi_ddiv
    main.o(i.Changef) refers to dmul.o(.text) for __aeabi_dmul
    main.o(i.Changef) refers to dfixi.o(.text) for __aeabi_d2iz
    main.o(i.Changef) refers to stm32f1xx_hal_tim.o(i.HAL_TIM_PWM_Stop) for HAL_TIM_PWM_Stop
    main.o(i.Changef) refers to main.o(i.MX_TIM3_Init1) for MX_TIM3_Init1
    main.o(i.Changef) refers to main.o(i.MX_TIM4_Init1) for MX_TIM4_Init1
    main.o(i.Changef) refers to stm32f1xx_hal_tim.o(i.HAL_TIM_PWM_Start) for HAL_TIM_PWM_Start
    main.o(i.Changef) refers to tim.o(.bss) for htim3
    main.o(i.HAL_TIM_PeriodElapsedCallback) refers to dflti.o(.text) for __aeabi_i2d
    main.o(i.HAL_TIM_PeriodElapsedCallback) refers to cdcmple.o(.text) for __aeabi_cdcmple
    main.o(i.HAL_TIM_PeriodElapsedCallback) refers to ddiv.o(.text) for __aeabi_ddiv
    main.o(i.HAL_TIM_PeriodElapsedCallback) refers to dadd.o(.text) for __aeabi_drsub
    main.o(i.HAL_TIM_PeriodElapsedCallback) refers to main.o(i.max) for max
    main.o(i.HAL_TIM_PeriodElapsedCallback) refers to dmul.o(.text) for __aeabi_dmul
    main.o(i.HAL_TIM_PeriodElapsedCallback) refers to main.o(i.min) for min
    main.o(i.HAL_TIM_PeriodElapsedCallback) refers to mpu6050.o(i.read_dmp) for read_dmp
    main.o(i.HAL_TIM_PeriodElapsedCallback) refers to f2d.o(.text) for __aeabi_f2d
    main.o(i.HAL_TIM_PeriodElapsedCallback) refers to main.o(i.output) for output
    main.o(i.HAL_TIM_PeriodElapsedCallback) refers to tim.o(.bss) for htim2
    main.o(i.HAL_TIM_PeriodElapsedCallback) refers to main.o(.data) for .data
    main.o(i.HAL_TIM_PeriodElapsedCallback) refers to mpu6050.o(.bss) for mpu_pose_msg
    main.o(i.HAL_UART_RxCpltCallback) refers to dflti.o(.text) for __aeabi_i2d
    main.o(i.HAL_UART_RxCpltCallback) refers to ddiv.o(.text) for __aeabi_ddiv
    main.o(i.HAL_UART_RxCpltCallback) refers to dmul.o(.text) for __aeabi_dmul
    main.o(i.HAL_UART_RxCpltCallback) refers to stm32f1xx_hal_uart.o(i.HAL_UART_Receive_IT) for HAL_UART_Receive_IT
    main.o(i.HAL_UART_RxCpltCallback) refers to main.o(.bss) for .bss
    main.o(i.HAL_UART_RxCpltCallback) refers to main.o(.data) for .data
    main.o(i.HAL_UART_RxCpltCallback) refers to usart.o(.bss) for huart1
    main.o(i.MX_TIM3_Init1) refers to memseta.o(.text) for __aeabi_memclr4
    main.o(i.MX_TIM3_Init1) refers to stm32f1xx_hal_tim.o(i.HAL_TIM_PWM_Init) for HAL_TIM_PWM_Init
    main.o(i.MX_TIM3_Init1) refers to stm32f1xx_hal_tim_ex.o(i.HAL_TIMEx_MasterConfigSynchronization) for HAL_TIMEx_MasterConfigSynchronization
    main.o(i.MX_TIM3_Init1) refers to stm32f1xx_hal_tim.o(i.HAL_TIM_PWM_ConfigChannel) for HAL_TIM_PWM_ConfigChannel
    main.o(i.MX_TIM3_Init1) refers to tim.o(i.HAL_TIM_MspPostInit) for HAL_TIM_MspPostInit
    main.o(i.MX_TIM3_Init1) refers to tim.o(.bss) for htim3
    main.o(i.MX_TIM4_Init1) refers to memseta.o(.text) for __aeabi_memclr4
    main.o(i.MX_TIM4_Init1) refers to stm32f1xx_hal_tim.o(i.HAL_TIM_PWM_Init) for HAL_TIM_PWM_Init
    main.o(i.MX_TIM4_Init1) refers to stm32f1xx_hal_tim_ex.o(i.HAL_TIMEx_MasterConfigSynchronization) for HAL_TIMEx_MasterConfigSynchronization
[...]
    I2C_RequestMemoryRead                    0x080027a5   Thumb Code   246  stm32f1xx_hal_i2c.o(i.I2C_RequestMemoryRead)
    i.I2C_RequestMemoryWrite                 0x080028a0   Section        0  stm32f1xx_hal_i2c.o(i.I2C_RequestMemoryWrite)
    I2C_RequestMemoryWrite                   0x080028a1   Thumb Code   162  stm32f1xx_hal_i2c.o(i.I2C_RequestMemoryWrite)
    i.I2C_WaitOnBTFFlagUntilTimeout          0x08002948   Section        0  stm32f1xx_hal_i2c.o(i.I2C_WaitOnBTFFlagUntilTimeout)
    I2C_WaitOnBTFFlagUntilTimeout            0x08002949   Thumb Code    76  stm32f1xx_hal_i2c.o(i.I2C_WaitOnBTFFlagUntilTimeout)
    i.I2C_WaitOnFlagUntilTimeout             0x08002994   Section        0  stm32f1xx_hal_i2c.o(i.I2C_WaitOnFlagUntilTimeout)
    I2C_WaitOnFlagUntilTimeout               0x08002995   Thumb Code   104  stm32f1xx_hal_i2c.o(i.I2C_WaitOnFlagUntilTimeout)
    i.I2C_WaitOnMasterAddressFlagUntilTimeout 0x080029fc   Section        0  stm32f1xx_hal_i2c.o(i.I2C_WaitOnMasterAddressFlagUntilTimeout)
    I2C_WaitOnMasterAddressFlagUntilTimeout  0x080029fd   Thumb Code   150  stm32f1xx_hal_i2c.o(i.I2C_WaitOnMasterAddressFlagUntilTimeout)
    i.I2C_WaitOnRXNEFlagUntilTimeout         0x08002a92   Section        0  stm32f1xx_hal_i2c.o(i.I2C_WaitOnRXNEFlagUntilTimeout)
    I2C_WaitOnRXNEFlagUntilTimeout           0x08002a93   Thumb Code   102  stm32f1xx_hal_i2c.o(i.I2C_WaitOnRXNEFlagUntilTimeout)
    i.I2C_WaitOnTXEFlagUntilTimeout          0x08002af8   Section        0  stm32f1xx_hal_i2c.o(i.I2C_WaitOnTXEFlagUntilTimeout)
    I2C_WaitOnTXEFlagUntilTimeout            0x08002af9   Thumb Code    76  stm32f1xx_hal_i2c.o(i.I2C_WaitOnTXEFlagUntilTimeout)
    i.MX_GPIO_Init                           0x08002b44   Section        0  gpio.o(i.MX_GPIO_Init)
    i.MX_I2C1_Init                           0x08002bd4   Section        0  i2c.o(i.MX_I2C1_Init)
    i.MX_TIM2_Init                           0x08002c14   Section        0  tim.o(i.MX_TIM2_Init)
    i.MX_TIM3_Init                           0x08002c78   Section        0  tim.o(i.MX_TIM3_Init)
    i.MX_TIM3_Init1                          0x08002cec   Section        0  main.o(i.MX_TIM3_Init1)
    i.MX_TIM4_Init                           0x08002d50   Section        0  tim.o(i.MX_TIM4_Init)
    i.MX_TIM4_Init1                          0x08002dc4   Section        0  main.o(i.MX_TIM4_Init1)
    i.MX_USART1_UART_Init                    0x08002e28   Section        0  usart.o(i.MX_USART1_UART_Init)
    i.MX_USART2_UART_Init                    0x08002e60   Section        0  usart.o(i.MX_USART2_UART_Init)
    i.MemManage_Handler                      0x08002e98   Section        0  stm32f1xx_it.o(i.MemManage_Handler)
    i.NMI_Handler                            0x08002e9a   Section        0  stm32f1xx_it.o(i.NMI_Handler)
    i.PendSV_Handler                         0x08002e9c   Section        0  stm32f1xx_it.o(i.PendSV_Handler)
    i.SVC_Handler                            0x08002e9e   Section        0  stm32f1xx_it.o(i.SVC_Handler)
    i.SysTick_Handler                        0x08002ea0   Section        0  stm32f1xx_it.o(i.SysTick_Handler)
    i.SystemClock_Config                     0x08002ea4   Section        0  main.o(i.SystemClock_Config)
    i.SystemInit                             0x08002ef2   Section        0  system_stm32f1xx.o(i.SystemInit)
    i.TIM2_IRQHandler                        0x08002ef4   Section        0  stm32f1xx_it.o(i.TIM2_IRQHandler)
    i.TIM_Base_SetConfig                     0x08002f00   Section        0  stm32f1xx_hal_tim.o(i.TIM_Base_SetConfig)
    i.TIM_CCxChannelCmd                      0x08002f6c   Section        0  stm32f1xx_hal_tim.o(i.TIM_CCxChannelCmd)
    i.TIM_ETR_SetConfig                      0x08002f86   Section        0  stm32f1xx_hal_tim.o(i.TIM_ETR_SetConfig)
    i.TIM_ITRx_SetConfig                     0x08002f9a   Section        0  stm32f1xx_hal_tim.o(i.TIM_ITRx_SetConfig)
    TIM_ITRx_SetConfig                       0x08002f9b   Thumb Code    16  stm32f1xx_hal_tim.o(i.TIM_ITRx_SetConfig)
    i.TIM_OC1_SetConfig                      0x08002fac   Section        0  stm32f1xx_hal_tim.o(i.TIM_OC1_SetConfig)
    TIM_OC1_SetConfig                        0x08002fad   Thumb Code    74  stm32f1xx_hal_tim.o(i.TIM_OC1_SetConfig)
    i.TIM_OC2_SetConfig                      0x08002ffc   Section        0  stm32f1xx_hal_tim.o(i.TIM_OC2_SetConfig)
    i.TIM_OC3_SetConfig                      0x08003054   Section        0  stm32f1xx_hal_tim.o(i.TIM_OC3_SetConfig)
    TIM_OC3_SetConfig                        0x08003055   Thumb Code    82  stm32f1xx_hal_tim.o(i.TIM_OC3_SetConfig)
    i.TIM_OC4_SetConfig                      0x080030ac   Section        0  stm32f1xx_hal_tim.o(i.TIM_OC4_SetConfig)
    TIM_OC4_SetConfig                        0x080030ad   Thumb Code    64  stm32f1xx_hal_tim.o(i.TIM_OC4_SetConfig)
    i.TIM_TI1_ConfigInputStage               0x080030f0   Section        0  stm32f1xx_hal_tim.o(i.TIM_TI1_ConfigInputStage)
    TIM_TI1_ConfigInputStage                 0x080030f1   Thumb Code    34  stm32f1xx_hal_tim.o(i.TIM_TI1_ConfigInputStage)
    i.TIM_TI2_ConfigInputStage               0x08003112   Section        0  stm32f1xx_hal_tim.o(i.TIM_TI2_ConfigInputStage)
    TIM_TI2_ConfigInputStage                 0x08003113   Thumb Code    36  stm32f1xx_hal_tim.o(i.TIM_TI2_ConfigInputStage)
    i.UART_DMAAbortOnError                   0x08003136   Section        0  stm32f1xx_hal_uart.o(i.UART_DMAAbortOnError)
    UART_DMAAbortOnError                     0x08003137   Thumb Code    16  stm32f1xx_hal_uart.o(i.UART_DMAAbortOnError)
    i.UART_EndRxTransfer                     0x08003146   Section        0  stm32f1xx_hal_uart.o(i.UART_EndRxTransfer)
    UART_EndRxTransfer                       0x08003147   Thumb Code    28  stm32f1xx_hal_uart.o(i.UART_EndRxTransfer)
    i.UART_Receive_IT                        0x08003162   Section        0  stm32f1xx_hal_uart.o(i.UART_Receive_IT)
    UART_Receive_IT                          0x08003163   Thumb Code   140  stm32f1xx_hal_uart.o(i.UART_Receive_IT)
    i.UART_SetConfig                         0x080031f0   Section        0  stm32f1xx_hal_uart.o(i.UART_SetConfig)
    UART_SetConfig                           0x080031f1   Thumb Code   178  stm32f1xx_hal_uart.o(i.UART_SetConfig)
    i.UART_WaitOnFlagUntilTimeout            0x080032a8   Section        0  stm32f1xx_hal_uart.o(i.UART_WaitOnFlagUntilTimeout)
    UART_WaitOnFlagUntilTimeout              0x080032a9   Thumb Code   100  stm32f1xx_hal_uart.o(i.UART_WaitOnFlagUntilTimeout)
    i.USART1_IRQHandler                      0x0800330c   Section        0  stm32f1xx_it.o(i.USART1_IRQHandler)
    i.UsageFault_Handler                     0x08003318   Section        0  stm32f1xx_it.o(i.UsageFault_Handler)
    i.__0printf                              0x0800331c   Section        0  printfa.o(i.__0printf)
    i.__ARM_fpclassify                       0x0800333c   Section        0  fpclassify.o(i.__ARM_fpclassify)
    i.__NVIC_SetPriority                     0x08003364   Section        0  stm32f1xx_hal_cortex.o(i.__NVIC_SetPriority)
    __NVIC_SetPriority                       0x08003365   Thumb Code    32  stm32f1xx_hal_cortex.o(i.__NVIC_SetPriority)
    i.__kernel_poly                          0x08003384   Section        0  poly.o(i.__kernel_poly)
    i.__mathlib_dbl_infnan                   0x0800342e   Section        0  dunder.o(i.__mathlib_dbl_infnan)
    i.__mathlib_dbl_infnan2                  0x08003434   Section        0  dunder.o(i.__mathlib_dbl_infnan2)
    i.__mathlib_dbl_invalid                  0x08003438   Section        0  dunder.o(i.__mathlib_dbl_invalid)
    i.__mathlib_dbl_underflow                0x08003444   Section        0  dunder.o(i.__mathlib_dbl_underflow)
    i.__scatterload_copy                     0x08003454   Section       14  handlers.o(i.__scatterload_copy)
    i.__scatterload_null                     0x08003462   Section        2  handlers.o(i.__scatterload_null)
    i.__scatterload_zeroinit                 0x08003464   Section       14  handlers.o(i.__scatterload_zeroinit)
    i.__set_errno                            0x08003474   Section        0  errno.o(i.__set_errno)
    i._fp_digits                             0x08003480   Section        0  printfa.o(i._fp_digits)
    _fp_digits                               0x08003481   Thumb Code   366  printfa.o(i._fp_digits)
    i._printf_core                           0x08003604   Section        0  printfa.o(i._printf_core)
    _printf_core                             0x08003605   Thumb Code  1744  printfa.o(i._printf_core)
    i._printf_post_padding                   0x08003ce0   Section        0  printfa.o(i._printf_post_padding)
    _printf_post_padding                     0x08003ce1   Thumb Code    36  printfa.o(i._printf_post_padding)
    i._printf_pre_padding                    0x08003d04   Section        0  printfa.o(i._printf_pre_padding)
    _printf_pre_padding                      0x08003d05   Thumb Code    46  printfa.o(i._printf_pre_padding)
    i.accel_self_test                        0x08003d34   Section        0  inv_mpu.o(i.accel_self_test)
    accel_self_test                          0x08003d35   Thumb Code   114  inv_mpu.o(i.accel_self_test)
    i.asin                                   0x08003db4   Section        0  asin.o(i.asin)
    i.atan                                   0x08004024   Section        0  atan.o(i.atan)
    i.atan2                                  0x08004244   Section        0  atan2.o(i.atan2)
    i.dmp_enable_6x_lp_quat                  0x080043c4   Section        0  inv_mpu_dmp_motion_driver.o(i.dmp_enable_6x_lp_quat)
    i.dmp_enable_feature                     0x08004400   Section        0  inv_mpu_dmp_motion_driver.o(i.dmp_enable_feature)
    i.dmp_enable_gyro_cal                    0x080045d8   Section        0  inv_mpu_dmp_motion_driver.o(i.dmp_enable_gyro_cal)
    i.dmp_enable_lp_quat                     0x08004614   Section        0  inv_mpu_dmp_motion_driver.o(i.dmp_enable_lp_quat)
    i.dmp_i2c_read                           0x08004650   Section        0  mpu6050.o(i.dmp_i2c_read)
    i.dmp_i2c_write                          0x08004670   Section        0  mpu6050.o(i.dmp_i2c_write)
    i.dmp_init                               0x08004690   Section        0  mpu6050.o(i.dmp_init)
    i.dmp_load_motion_driver_firmware        0x0800498c   Section        0  inv_mpu_dmp_motion_driver.o(i.dmp_load_motion_driver_firmware)
    i.dmp_read_fifo                          0x080049a0   Section        0  inv_mpu_dmp_motion_driver.o(i.dmp_read_fifo)
    i.dmp_set_accel_bias                     0x08004ae4   Section        0  inv_mpu_dmp_motion_driver.o(i.dmp_set_accel_bias)
    i.dmp_set_fifo_rate                      0x08004bbc   Section        0  inv_mpu_dmp_motion_driver.o(i.dmp_set_fifo_rate)
    i.dmp_set_gyro_bias                      0x08004c20   Section        0  inv_mpu_dmp_motion_driver.o(i.dmp_set_gyro_bias)
    i.dmp_set_orientation                    0x08004cec   Section        0  inv_mpu_dmp_motion_driver.o(i.dmp_set_orientation)
    i.dmp_set_shake_reject_thresh            0x08004df8   Section        0  inv_mpu_dmp_motion_driver.o(i.dmp_set_shake_reject_thresh)
    i.dmp_set_shake_reject_time              0x08004e28   Section        0  inv_mpu_dmp_motion_driver.o(i.dmp_set_shake_reject_time)
    i.dmp_set_shake_reject_timeout           0x08004e48   Section        0  inv_mpu_dmp_motion_driver.o(i.dmp_set_shake_reject_timeout)
    i.dmp_set_tap_axes                       0x08004e68   Section        0  inv_mpu_dmp_motion_driver.o(i.dmp_set_tap_axes)
    i.dmp_set_tap_count                      0x08004ea8   Section        0  inv_mpu_dmp_motion_driver.o(i.dmp_set_tap_count)
    i.dmp_set_tap_thresh                     0x08004ecc   Section        0  inv_mpu_dmp_motion_driver.o(i.dmp_set_tap_thresh)
    i.dmp_set_tap_time                       0x08004ff4   Section        0  inv_mpu_dmp_motion_driver.o(i.dmp_set_tap_time)
    i.dmp_set_tap_time_multi                 0x08005014   Section        0  inv_mpu_dmp_motion_driver.o(i.dmp_set_tap_time_multi)
    i.f4_get_tick_ms_cnt                     0x08005034   Section        0  mpu6050.o(i.f4_get_tick_ms_cnt)
    i.fputc                                  0x08005040   Section        0  main.o(i.fputc)
    i.get_accel_prod_shift                   0x08005060   Section        0  inv_mpu.o(i.get_accel_prod_shift)
    get_accel_prod_shift                     0x08005061   Thumb Code   158  inv_mpu.o(i.get_accel_prod_shift)
    i.get_st_biases                          0x0800510c   Section        0  inv_mpu.o(i.get_st_biases)
    get_st_biases                            0x0800510d   Thumb Code   784  inv_mpu.o(i.get_st_biases)
    i.gyro_self_test                         0x08005420   Section        0  inv_mpu.o(i.gyro_self_test)
    gyro_self_test                           0x08005421   Thumb Code   190  inv_mpu.o(i.gyro_self_test)
    i.inv_row_2_scale                        0x080054f4   Section        0  mpu6050.o(i.inv_row_2_scale)
    inv_row_2_scale                          0x080054f5   Thumb Code    72  mpu6050.o(i.inv_row_2_scale)
    i.main                                   0x0800553c   Section        0  main.o(i.main)
    i.max                                    0x08005658   Section        0  main.o(i.max)
    i.min                                    0x08005678   Section        0  main.o(i.min)
    i.mpu_configure_fifo                     0x08005698   Section        0  inv_mpu.o(i.mpu_configure_fifo)
    i.mpu_get_accel_fsr                      0x080056ec   Section        0  inv_mpu.o(i.mpu_get_accel_fsr)
    i.mpu_get_accel_sens                     0x08005728   Section        0  inv_mpu.o(i.mpu_get_accel_sens)
    i.mpu_get_gyro_fsr                       0x0800576c   Section        0  inv_mpu.o(i.mpu_get_gyro_fsr)
    i.mpu_get_gyro_sens                      0x080057a0   Section        0  inv_mpu.o(i.mpu_get_gyro_sens)
    i.mpu_get_lpf                            0x080057e0   Section        0  inv_mpu.o(i.mpu_get_lpf)
    i.mpu_get_sample_rate                    0x08005818   Section        0  inv_mpu.o(i.mpu_get_sample_rate)
    i.mpu_init                               0x08005834   Section        0  inv_mpu.o(i.mpu_init)
    i.mpu_load_firmware                      0x080059bc   Section        0  inv_mpu.o(i.mpu_load_firmware)
    i.mpu_lp_accel_mode                      0x08005a5c   Section        0  inv_mpu.o(i.mpu_lp_accel_mode)
    i.mpu_read_fifo_stream                   0x08005b14   Section        0  inv_mpu.o(i.mpu_read_fifo_stream)
    i.mpu_read_mem                           0x08005ba4   Section        0  inv_mpu.o(i.mpu_read_mem)
    i.mpu_reset_fifo                         0x08005bf8   Section        0  inv_mpu.o(i.mpu_reset_fifo)
    i.mpu_run_self_test                      0x08005d58   Section        0  inv_mpu.o(i.mpu_run_self_test)
    i.mpu_set_accel_fsr                      0x08005e48   Section        0  inv_mpu.o(i.mpu_set_accel_fsr)
    i.mpu_set_bypass                         0x08005eb0   Section        0  inv_mpu.o(i.mpu_set_bypass)
    i.mpu_set_dmp_state                      0x08005f8c   Section        0  inv_mpu.o(i.mpu_set_dmp_state)
    i.mpu_set_gyro_fsr                       0x08006004   Section        0  inv_mpu.o(i.mpu_set_gyro_fsr)
    i.mpu_set_int_latched                    0x08006070   Section        0  inv_mpu.o(i.mpu_set_int_latched)
    i.mpu_set_lpf                            0x080060d4   Section        0  inv_mpu.o(i.mpu_set_lpf)
    i.mpu_set_sample_rate                    0x08006140   Section        0  inv_mpu.o(i.mpu_set_sample_rate)
    i.mpu_set_sensors                        0x080061c0   Section        0  inv_mpu.o(i.mpu_set_sensors)
    i.mpu_write_mem                          0x08006278   Section        0  inv_mpu.o(i.mpu_write_mem)
    i.my_hal_delay                           0x080062cc   Section        0  mpu6050.o(i.my_hal_delay)
    i.output                                 0x080062d0   Section        0  main.o(i.output)
    i.read_dmp                               0x08006328   Section        0  mpu6050.o(i.read_dmp)
    i.run_self_test                          0x080064c4   Section        0  mpu6050.o(i.run_self_test)
    run_self_test                            0x080064c5   Thumb Code   128  mpu6050.o(i.run_self_test)
    i.set_int_enable                         0x08006568   Section        0  inv_mpu.o(i.set_int_enable)
    set_int_enable                           0x08006569   Thumb Code    84  inv_mpu.o(i.set_int_enable)
    i.sqrt                                   0x080065c0   Section        0  sqrt.o(i.sqrt)
    i.w_mpu_init                             0x0800660c   Section        0  mpu6050.o(i.w_mpu_init)
    i.w_mpu_read_byte                        0x080066b8   Section        0  mpu6050.o(i.w_mpu_read_byte)
    i.w_mpu_read_device_address              0x080066e8   Section        0  mpu6050.o(i.w_mpu_read_device_address)
    i.w_mpu_set_acce_fsr                     0x08006700   Section        0  mpu6050.o(i.w_mpu_set_acce_fsr)
    i.w_mpu_set_dlpf                         0x08006714   Section        0  mpu6050.o(i.w_mpu_set_dlpf)
    i.w_mpu_set_gyro_fsr                     0x08006726   Section        0  mpu6050.o(i.w_mpu_set_gyro_fsr)
    i.w_mpu_set_sample_rate                  0x0800673a   Section        0  mpu6050.o(i.w_mpu_set_sample_rate)
    i.w_mpu_write_byte                       0x0800674c   Section        0  mpu6050.o(i.w_mpu_write_byte)
    .constdata                               0x08006778   Section       16  system_stm32f1xx.o(.constdata)
    .constdata                               0x08006788   Section        8  system_stm32f1xx.o(.constdata)
    .constdata                               0x08006790   Section       30  inv_mpu.o(.constdata)
    .constdata                               0x080067ae   Section       12  inv_mpu.o(.constdata)
    .constdata                               0x080067bc   Section       40  inv_mpu.o(.constdata)
    .constdata                               0x080067e4   Section     3062  inv_mpu_dmp_motion_driver.o(.constdata)
    dmp_memory                               0x080067e4   Data        3062  inv_mpu_dmp_motion_driver.o(.constdata)
    .constdata                               0x080073e0   Section       80  asin.o(.constdata)
    pS                                       0x080073e0   Data          48  asin.o(.constdata)
    qS                                       0x08007410   Data          32  asin.o(.constdata)
    .constdata                               0x08007430   Section      152  atan.o(.constdata)
    atanhi                                   0x08007430   Data          32  atan.o(.constdata)
    atanlo                                   0x08007450   Data          32  atan.o(.constdata)
    aTodd                                    0x08007470   Data          40  atan.o(.constdata)
    aTeven                                   0x08007498   Data          48  atan.o(.constdata)
    .constdata                               0x080074c8   Section        8  qnan.o(.constdata)
    .conststring                             0x080074d0   Section       77  inv_mpu.o(.conststring)
    .conststring                             0x08007520   Section      203  mpu6050.o(.conststring)
    .data                                    0x20000000   Section      128  main.o(.data)
    .data                                    0x20000080   Section       12  stm32f1xx_hal.o(.data)
    .data                                    0x2000008c   Section        4  system_stm32f1xx.o(.data)
    .data                                    0x20000090   Section       44  inv_mpu.o(.data)
    st                                       0x20000090   Data          44  inv_mpu.o(.data)
    .data                                    0x200000bc   Section       19  mpu6050.o(.data)
    device_id                                0x200000bc   Data           1  mpu6050.o(.data)
    id                                       0x200000bd   Data           1  mpu6050.o(.data)
    r_data_byte                              0x200000be   Data           1  mpu6050.o(.data)
    msg_temp                                 0x200000bf   Data           2  mpu6050.o(.data)
    mpu_temperature_biff                     0x200000c2   Data           2  mpu6050.o(.data)
    mpu_temperature_biff                     0x200000c4   Data           2  mpu6050.o(.data)
    gyro_orientation                         0x200000c6   Data           9  mpu6050.o(.data)
    .data                                    0x200000d0   Section        4  stdout.o(.data)
    .data                                    0x200000d4   Section        4  errno.o(.data)
    _errno                                   0x200000d4   Data           4  errno.o(.data)
    .bss                                     0x200000d8   Section       10  main.o(.bss)
    .bss                                     0x200000e4   Section       84  i2c.o(.bss)
    .bss                                     0x20000138   Section      216  tim.o(.bss)
    .bss                                     0x20000210   Section      128  usart.o(.bss)
    .bss                                     0x20000290   Section       16  inv_mpu_dmp_motion_driver.o(.bss)
    dmp                                      0x20000290   Data          16  inv_mpu_dmp_motion_driver.o(.bss)
    .bss                                     0x200002a0   Section       16  mpu6050.o(.bss)
    .bss                                     0x200002b0   Section       12  mpu6050.o(.bss)
    STACK                                    0x200002c0   Section     1024  startup_stm32f103xb.o(STACK)

    Global Symbols

    Symbol Name                              Value     Ov Type        Size  Object(Section)

    BuildAttributes$$THM_ISAv4$P$D$K$B$S$PE$A:L22UL41UL21$X:L11$S22US41US21$IEEE1$IW$USESV6$~STKCKD$USESV7$~SHL$OTIME$ROPI$IEEEX$EBA8$MICROLIB$REQ8$PRES8$EABIv2 0x00000000   Number         0  anon$$obj.o ABSOLUTE
    __ARM_use_no_argv                        0x00000000   Number         0  main.o ABSOLUTE
    _printf_a                                0x00000000   Number         0  stubs.o ABSOLUTE
    _printf_c                                0x00000000   Number         0  stubs.o ABSOLUTE
    _printf_charcount                        0x00000000   Number         0  stubs.o ABSOLUTE
    _printf_d                                0x00000000   Number         0  stubs.o ABSOLUTE
    _printf_e                                0x00000000   Number         0  stubs.o ABSOLUTE
    _printf_f                                0x00000000   Number         0  stubs.o ABSOLUTE
    _printf_flags                            0x00000000   Number         0  stubs.o ABSOLUTE
    _printf_fp_dec                           0x00000000   Number         0  stubs.o ABSOLUTE
    _printf_fp_hex                           0x00000000   Number         0  stubs.o ABSOLUTE
    _printf_g                                0x00000000   Number         0  stubs.o ABSOLUTE
    _printf_i                                0x00000000   Number         0  stubs.o ABSOLUTE
    _printf_int_dec                          0x00000000   Number         0  stubs.o ABSOLUTE
    _printf_l                                0x00000000   Number         0  stubs.o ABSOLUTE
    _printf_lc                               0x00000000   Number         0  stubs.o ABSOLUTE
    _printf_ll                               0x00000000   Number         0  stubs.o ABSOLUTE
    _printf_lld                              0x00000000   Number         0  stubs.o ABSOLUTE
    _printf_lli                              0x00000000   Number         0  stubs.o ABSOLUTE
    _printf_llo                              0x00000000   Number         0  stubs.o ABSOLUTE
    _printf_llu                              0x00000000   Number         0  stubs.o ABSOLUTE
    _printf_llx                              0x00000000   Number         0  stubs.o ABSOLUTE
    _printf_longlong_dec                     0x00000000   Number         0  stubs.o ABSOLUTE
    _printf_longlong_hex                     0x00000000   Number         0  stubs.o ABSOLUTE
    _printf_longlong_oct                     0x00000000   Number         0  stubs.o ABSOLUTE
    _printf_ls                               0x00000000   Number         0  stubs.o ABSOLUTE
    _printf_mbtowc                           0x00000000   Number         0  stubs.o ABSOLUTE
    _printf_n                                0x00000000   Number         0  stubs.o ABSOLUTE
    _printf_o                                0x00000000   Number         0  stubs.o ABSOLUTE
    _printf_p                                0x00000000   Number         0  stubs.o ABSOLUTE
    _printf_percent                          0x00000000   Number         0  stubs.o ABSOLUTE
    _printf_pre_padding                      0x00000000   Number         0  stubs.o ABSOLUTE
    _printf_return_value                     0x00000000   Number         0  stubs.o ABSOLUTE
    _printf_s                                0x00000000   Number         0  stubs.o ABSOLUTE
    _printf_sizespec                         0x00000000   Number         0  stubs.o ABSOLUTE
    _printf_str                              0x00000000   Number         0  stubs.o ABSOLUTE
    _printf_truncate_signed                  0x00000000   Number         0  stubs.o ABSOLUTE
    _printf_truncate_unsigned                0x00000000   Number         0  stubs.o ABSOLUTE
    _printf_u                                0x00000000   Number         0  stubs.o ABSOLUTE
    _printf_wc                               0x00000000   Number         0  stubs.o ABSOLUTE
    _printf_wctomb                           0x00000000   Number         0  stubs.o ABSOLUTE
    _printf_widthprec                        0x00000000   Number         0  stubs.o ABSOLUTE
    _printf_x                                0x00000000   Number         0  stubs.o ABSOLUTE
    __cpp_initialize__aeabi_                  - Undefined Weak Reference
    __cxa_finalize                            - Undefined Weak Reference
    __decompress                              - Undefined Weak Reference
    _clock_init                               - Undefined Weak Reference
    _microlib_exit                            - Undefined Weak Reference
    __Vectors_Size                           0x000000ec   Number         0  startup_stm32f103xb.o ABSOLUTE
    __Vectors                                0x08000000   Data           4  startup_stm32f103xb.o(RESET)
    __Vectors_End                            0x080000ec   Data           0  startup_stm32f103xb.o(RESET)
    __main                                   0x080000ed   Thumb Code     0  entry.o(.ARM.Collect$$$$00000000)
    _main_stk                                0x080000ed   Thumb Code     0  entry2.o(.ARM.Collect$$$$00000001)
    _main_scatterload                        0x080000f1   Thumb Code     0  entry5.o(.ARM.Collect$$$$00000004)
    __main_after_scatterload                 0x080000f5   Thumb Code     0  entry5.o(.ARM.Collect$$$$00000004)
    _main_clock                              0x080000f5   Thumb Code     0  entry7b.o(.ARM.Collect$$$$00000008)
    _main_cpp_init                           0x080000f5   Thumb Code     0  entry8b.o(.ARM.Collect$$$$0000000A)
    _main_init                               0x080000f5   Thumb Code     0  entry9a.o(.ARM.Collect$$$$0000000B)
    __rt_final_cpp                           0x080000fd   Thumb Code     0  entry10a.o(.ARM.Collect$$$$0000000D)
    __rt_final_exit                          0x080000fd   Thumb Code     0  entry11a.o(.ARM.Collect$$$$0000000F)
    Reset_Handler                            0x08000101   Thumb Code     8  startup_stm32f103xb.o(.text)
    ADC1_2_IRQHandler                        0x0800011b   Thumb Code     0  startup_stm32f103xb.o(.text)
    CAN1_RX1_IRQHandler                      0x0800011b   Thumb Code     0  startup_stm32f103xb.o(.text)
    CAN1_SCE_IRQHandler                      0x0800011b   Thumb Code     0  startup_stm32f103xb.o(.text)
    DMA1_Channel1_IRQHandler                 0x0800011b   Thumb Code     0  startup_stm32f103xb.o(.text)
    DMA1_Channel2_IRQHandler                 0x0800011b   Thumb Code     0  startup_stm32f103xb.o(.text)
    DMA1_Channel3_IRQHandler                 0x0800011b   Thumb Code     0  startup_stm32f103xb.o(.text)
    DMA1_Channel4_IRQHandler                 0x0800011b   Thumb Code     0  startup_stm32f103xb.o(.text)
    DMA1_Channel5_IRQHandler                 0x0800011b   Thumb Code     0  startup_stm32f103xb.o(.text)
    DMA1_Channel6_IRQHandler                 0x0800011b   Thumb Code     0  startup_stm32f103xb.o(.text)
    DMA1_Channel7_IRQHandler                 0x0800011b   Thumb Code     0  startup_stm32f103xb.o(.text)
    EXTI0_IRQHandler                         0x0800011b   Thumb Code     0  startup_stm32f103xb.o(.text)
    EXTI15_10_IRQHandler                     0x0800011b   Thumb Code     0  startup_stm32f103xb.o(.text)
    EXTI1_IRQHandler                         0x0800011b   Thumb Code     0  startup_stm32f103xb.o(.text)
    EXTI2_IRQHandler                         0x0800011b   Thumb Code     0  startup_stm32f103xb.o(.text)
    EXTI3_IRQHandler                         0x0800011b   Thumb Code     0  startup_stm32f103xb.o(.text)
    EXTI4_IRQHandler                         0x0800011b   Thumb Code     0  startup_stm32f103xb.o(.text)
    EXTI9_5_IRQHandler                       0x0800011b   Thumb Code     0  startup_stm32f103xb.o(.text)
    FLASH_IRQHandler                         0x0800011b   Thumb Code     0  startup_stm32f103xb.o(.text)
    I2C1_ER_IRQHandler                       0x0800011b   Thumb Code     0  startup_stm32f103xb.o(.text)
    I2C1_EV_IRQHandler                       0x0800011b   Thumb Code     0  startup_stm32f103xb.o(.text)
    I2C2_ER_IRQHandler                       0x0800011b   Thumb Code     0  startup_stm32f103xb.o(.text)
    I2C2_EV_IRQHandler                       0x0800011b   Thumb Code     0  startup_stm32f103xb.o(.text)
    PVD_IRQHandler                           0x0800011b   Thumb Code     0  startup_stm32f103xb.o(.text)
    RCC_IRQHandler                           0x0800011b   Thumb Code     0  startup_stm32f103xb.o(.text)
    RTC_Alarm_IRQHandler                     0x0800011b   Thumb Code     0  startup_stm32f103xb.o(.text)
    RTC_IRQHandler                           0x0800011b   Thumb Code     0  startup_stm32f103xb.o(.text)
    SPI1_IRQHandler                          0x0800011b   Thumb Code     0  startup_stm32f103xb.o(.text)
    SPI2_IRQHandler                          0x0800011b   Thumb Code     0  startup_stm32f103xb.o(.text)
    TAMPER_IRQHandler                        0x0800011b   Thumb Code     0  startup_stm32f103xb.o(.text)
    TIM1_BRK_IRQHandler                      0x0800011b   Thumb Code     0  startup_stm32f103xb.o(.text)
    TIM1_CC_IRQHandler                       0x0800011b   Thumb Code     0  startup_stm32f103xb.o(.text)
    TIM1_TRG_COM_IRQHandler                  0x0800011b   Thumb Code     0  startup_stm32f103xb.o(.text)
    TIM1_UP_IRQHandler                       0x0800011b   Thumb Code     0  startup_stm32f103xb.o(.text)
    TIM3_IRQHandler                          0x0800011b   Thumb Code     0  startup_stm32f103xb.o(.text)
    TIM4_IRQHandler                          0x0800011b   Thumb Code     0  startup_stm32f103xb.o(.text)
    USART2_IRQHandler                        0x0800011b   Thumb Code     0  startup_stm32f103xb.o(.text)
    USART3_IRQHandler                        0x0800011b   Thumb Code     0  startup_stm32f103xb.o(.text)
    USBWakeUp_IRQHandler                     0x0800011b   Thumb Code     0  startup_stm32f103xb.o(.text)
    USB_HP_CAN1_TX_IRQHandler                0x0800011b   Thumb Code     0  startup_stm32f103xb.o(.text)
    USB_LP_CAN1_RX0_IRQHandler               0x0800011b   Thumb Code     0  startup_stm32f103xb.o(.text)
    WWDG_IRQHandler                          0x0800011b   Thumb Code     0  startup_stm32f103xb.o(.text)
    __aeabi_ldivmod                          0x08000125   Thumb Code    98  ldiv.o(.text)
    __aeabi_llsr                             0x08000187   Thumb Code    32  llushr.o(.text)
    _ll_ushift_r                             0x08000187   Thumb Code     0  llushr.o(.text)
    __aeabi_memset                           0x080001a7   Thumb Code    14  memseta.o(.text)
    __aeabi_memset4                          0x080001a7   Thumb Code     0  memseta.o(.text)
    __aeabi_memset8                          0x080001a7   Thumb Code     0  memseta.o(.text)
    __aeabi_memclr                           0x080001b5   Thumb Code     4  memseta.o(.text)
    __aeabi_memclr4                          0x080001b5   Thumb Code     0  memseta.o(.text)
    __aeabi_memclr8                          0x080001b5   Thumb Code     0  memseta.o(.text)
    _memset$wrapper                          0x080001b9   Thumb Code    18  memseta.o(.text)
    memcmp                                   0x080001cb   Thumb Code    26  memcmp.o(.text)
    __aeabi_fadd                             0x080001e5   Thumb Code   164  fadd.o(.text)
    __aeabi_fsub                             0x08000289   Thumb Code     6  fadd.o(.text)
    __aeabi_frsub                            0x0800028f   Thumb Code     6  fadd.o(.text)
    __aeabi_fmul                             0x08000295   Thumb Code   100  fmul.o(.text)
    __aeabi_fdiv                             0x080002f9   Thumb Code   124  fdiv.o(.text)
    __ARM_scalbnf                            0x08000375   Thumb Code    24  fscalb.o(.text)
    scalbnf                                  0x08000375   Thumb Code     0  fscalb.o(.text)
    __aeabi_dadd                             0x0800038d   Thumb Code   322  dadd.o(.text)
    __aeabi_dsub                             0x080004cf   Thumb Code     6  dadd.o(.text)
    __aeabi_drsub                            0x080004d5   Thumb Code     6  dadd.o(.text)
    __aeabi_dmul                             0x080004db   Thumb Code   228  dmul.o(.text)
    __aeabi_ddiv                             0x080005bf   Thumb Code   222  ddiv.o(.text)
    __aeabi_i2f                              0x0800069d   Thumb Code    18  fflti.o(.text)
    __aeabi_ui2f                             0x080006af   Thumb Code    10  ffltui.o(.text)
    __aeabi_i2d                              0x080006b9   Thumb Code    34  dflti.o(.text)
    __aeabi_f2iz                             0x080006db   Thumb Code    50  ffixi.o(.text)
    __aeabi_f2uiz                            0x0800070d   Thumb Code    40  ffixui.o(.text)
    __aeabi_d2iz                             0x08000735   Thumb Code    62  dfixi.o(.text)
    __aeabi_f2d                              0x08000773   Thumb Code    38  f2d.o(.text)
    __aeabi_cdcmpeq                          0x08000799   Thumb Code     0  cdcmple.o(.text)
    __aeabi_cdcmple                          0x08000799   Thumb Code    48  cdcmple.o(.text)
    __aeabi_cdrcmple                         0x080007c9   Thumb Code    48  cdrcmple.o(.text)
    __aeabi_d2f                              0x080007f9   Thumb Code    56  d2f.o(.text)
    __aeabi_uidiv                            0x08000831   Thumb Code     0  uidiv.o(.text)
    __aeabi_uidivmod                         0x08000831   Thumb Code    44  uidiv.o(.text)
    __aeabi_uldivmod                         0x0800085d   Thumb Code    98  uldiv.o(.text)
    __aeabi_llsl                             0x080008bf   Thumb Code    30  llshl.o(.text)
    _ll_shift_l                              0x080008bf   Thumb Code     0  llshl.o(.text)
    __aeabi_lasr                             0x080008dd   Thumb Code    36  llsshr.o(.text)
    _ll_sshift_r                             0x080008dd   Thumb Code     0  llsshr.o(.text)
    __I$use$fp                               0x08000901   Thumb Code     0  iusefp.o(.text)
    _float_round                             0x08000901   Thumb Code    18  fepilogue.o(.text)
    _float_epilogue                          0x08000913   Thumb Code    92  fepilogue.o(.text)
    _double_round                            0x0800096f   Thumb Code    30  depilogue.o(.text)
    _double_epilogue                         0x0800098d   Thumb Code   156  depilogue.o(.text)
    __ARM_scalbn                             0x08000a29   Thumb Code    46  dscalb.o(.text)
    scalbn                                   0x08000a29   Thumb Code     0  dscalb.o(.text)
    __aeabi_d2ulz                            0x08000a57   Thumb Code    48  dfixul.o(.text)
    __scatterload                            0x08000a89   Thumb Code    28  init.o(.text)
    __scatterload_rt2                        0x08000a89   Thumb Code     0  init.o(.text)
    _dsqrt                                   0x08000aad   Thumb Code   162  dsqrt.o(.text)
    BusFault_Handler                         0x08000b4f   Thumb Code     2  stm32f1xx_it.o(i.BusFault_Handler)
    Changef                                  0x08000b51   Thumb Code   282  main.o(i.Changef)
    DebugMon_Handler                         0x08000c91   Thumb Code     2  stm32f1xx_it.o(i.DebugMon_Handler)
    Error_Handler                            0x08000c93   Thumb Code     2  main.o(i.Error_Handler)
    HAL_DMA_Abort_IT                         0x08000c95   Thumb Code   148  stm32f1xx_hal_dma.o(i.HAL_DMA_Abort_IT)
    HAL_Delay                                0x08000d2d   Thumb Code    32  stm32f1xx_hal.o(i.HAL_Delay)
    HAL_GPIO_Init                            0x08000d51   Thumb Code   446  stm32f1xx_hal_gpio.o(i.HAL_GPIO_Init)
    HAL_GPIO_WritePin                        0x08000f31   Thumb Code    10  stm32f1xx_hal_gpio.o(i.HAL_GPIO_WritePin)
    HAL_GetTick                              0x08000f3d   Thumb Code     6  stm32f1xx_hal.o(i.HAL_GetTick)
    HAL_I2C_Init                             0x08000f49   Thumb Code   376  stm32f1xx_hal_i2c.o(i.HAL_I2C_Init)
    HAL_I2C_Mem_Read                         0x080010d1   Thumb Code   574  stm32f1xx_hal_i2c.o(i.HAL_I2C_Mem_Read)
    HAL_I2C_Mem_Write                        0x08001321   Thumb Code   294  stm32f1xx_hal_i2c.o(i.HAL_I2C_Mem_Write)
    HAL_I2C_MspInit                          0x08001451   Thumb Code    96  i2c.o(i.HAL_I2C_MspInit)
    HAL_IncTick                              0x080014c1   Thumb Code    12  stm32f1xx_hal.o(i.HAL_IncTick)
    HAL_Init                                 0x080014d1   Thumb Code    32  stm32f1xx_hal.o(i.HAL_Init)
    HAL_InitTick                             0x080014f5   Thumb Code    54  stm32f1xx_hal.o(i.HAL_InitTick)
    HAL_MspInit                              0x08001535   Thumb Code    52  stm32f1xx_hal_msp.o(i.HAL_MspInit)
    HAL_NVIC_EnableIRQ                       0x08001571   Thumb Code    26  stm32f1xx_hal_cortex.o(i.HAL_NVIC_EnableIRQ)
    HAL_NVIC_SetPriority                     0x0800158d   Thumb Code    60  stm32f1xx_hal_cortex.o(i.HAL_NVIC_SetPriority)
    HAL_NVIC_SetPriorityGrouping             0x080015cd   Thumb Code    26  stm32f1xx_hal_cortex.o(i.HAL_NVIC_SetPriorityGrouping)
    HAL_RCC_ClockConfig                      0x080015f1   Thumb Code   280  stm32f1xx_hal_rcc.o(i.HAL_RCC_ClockConfig)
    HAL_RCC_GetPCLK1Freq                     0x0800171d   Thumb Code    20  stm32f1xx_hal_rcc.o(i.HAL_RCC_GetPCLK1Freq)
    HAL_RCC_GetPCLK2Freq                     0x0800173d   Thumb Code    20  stm32f1xx_hal_rcc.o(i.HAL_RCC_GetPCLK2Freq)
    HAL_RCC_GetSysClockFreq                  0x0800175d   Thumb Code    74  stm32f1xx_hal_rcc.o(i.HAL_RCC_GetSysClockFreq)
    HAL_RCC_OscConfig                        0x080017c9   Thumb Code   778  stm32f1xx_hal_rcc.o(i.HAL_RCC_OscConfig)
    HAL_SYSTICK_Config                       0x08001ae9   Thumb Code    40  stm32f1xx_hal_cortex.o(i.HAL_SYSTICK_Config)
    HAL_TIMEx_BreakCallback                  0x08001b11   Thumb Code     2  stm32f1xx_hal_tim_ex.o(i.HAL_TIMEx_BreakCallback)
    HAL_TIMEx_CommutCallback                 0x08001b13   Thumb Code     2  stm32f1xx_hal_tim_ex.o(i.HAL_TIMEx_CommutCallback)
    HAL_TIMEx_MasterConfigSynchronization    0x08001b15   Thumb Code    92  stm32f1xx_hal_tim_ex.o(i.HAL_TIMEx_MasterConfigSynchronization)
    HAL_TIM_Base_Init                        0x08001b7d   Thumb Code    90  stm32f1xx_hal_tim.o(i.HAL_TIM_Base_Init)
    HAL_TIM_Base_MspInit                     0x08001bd9   Thumb Code    50  tim.o(i.HAL_TIM_Base_MspInit)
    HAL_TIM_Base_Start_IT                    0x08001c11   Thumb Code    76  stm32f1xx_hal_tim.o(i.HAL_TIM_Base_Start_IT)
    HAL_TIM_ConfigClockSource                0x08001c69   Thumb Code   214  stm32f1xx_hal_tim.o(i.HAL_TIM_ConfigClockSource)
    HAL_TIM_IC_CaptureCallback               0x08001d3f   Thumb Code     2  stm32f1xx_hal_tim.o(i.HAL_TIM_IC_CaptureCallback)
    HAL_TIM_IRQHandler                       0x08001d41   Thumb Code   358  stm32f1xx_hal_tim.o(i.HAL_TIM_IRQHandler)
    HAL_TIM_MspPostInit                      0x08001ea9   Thumb Code   120  tim.o(i.HAL_TIM_MspPostInit)
    HAL_TIM_OC_DelayElapsedCallback          0x08001f35   Thumb Code     2  stm32f1xx_hal_tim.o(i.HAL_TIM_OC_DelayElapsedCallback)
    HAL_TIM_PWM_ConfigChannel                0x08001f37   Thumb Code   198  stm32f1xx_hal_tim.o(i.HAL_TIM_PWM_ConfigChannel)
    HAL_TIM_PWM_Init                         0x08001ffd   Thumb Code    90  stm32f1xx_hal_tim.o(i.HAL_TIM_PWM_Init)
    HAL_TIM_PWM_MspInit                      0x08002059   Thumb Code    52  tim.o(i.HAL_TIM_PWM_MspInit)
    HAL_TIM_PWM_PulseFinishedCallback        0x08002099   Thumb Code     2  stm32f1xx_hal_tim.o(i.HAL_TIM_PWM_PulseFinishedCallback)
    HAL_TIM_PWM_Start                        0x0800209d   Thumb Code   144  stm32f1xx_hal_tim.o(i.HAL_TIM_PWM_Start)
    HAL_TIM_PWM_Stop                         0x08002139   Thumb Code   108  stm32f1xx_hal_tim.o(i.HAL_TIM_PWM_Stop)
    HAL_TIM_PeriodElapsedCallback            0x080021a9   Thumb Code   380  main.o(i.HAL_TIM_PeriodElapsedCallback)
    HAL_TIM_TriggerCallback                  0x08002341   Thumb Code     2  stm32f1xx_hal_tim.o(i.HAL_TIM_TriggerCallback)
    HAL_UART_ErrorCallback                   0x08002343   Thumb Code     2  stm32f1xx_hal_uart.o(i.HAL_UART_ErrorCallback)
    HAL_UART_IRQHandler                      0x08002345   Thumb Code   344  stm32f1xx_hal_uart.o(i.HAL_UART_IRQHandler)
    HAL_UART_Init                            0x080024a1   Thumb Code    98  stm32f1xx_hal_uart.o(i.HAL_UART_Init)
    HAL_UART_MspInit                         0x08002505   Thumb Code   186  usart.o(i.HAL_UART_MspInit)
    HAL_UART_Receive_IT                      0x080025d1   Thumb Code    82  stm32f1xx_hal_uart.o(i.HAL_UART_Receive_IT)
    HAL_UART_RxCpltCallback                  0x08002625   Thumb Code   134  main.o(i.HAL_UART_RxCpltCallback)
    HAL_UART_Transmit                        0x080026c1   Thumb Code   178  stm32f1xx_hal_uart.o(i.HAL_UART_Transmit)
    HAL_UART_TxCpltCallback                  0x08002773   Thumb Code     2  stm32f1xx_hal_uart.o(i.HAL_UART_TxCpltCallback)
    HardFault_Handler                        0x08002775   Thumb Code     2  stm32f1xx_it.o(i.HardFault_Handler)
    MX_GPIO_Init                             0x08002b45   Thumb Code   126  gpio.o(i.MX_GPIO_Init)
    MX_I2C1_Init                             0x08002bd5   Thumb Code    50  i2c.o(i.MX_I2C1_Init)
    MX_TIM2_Init                             0x08002c15   Thumb Code    96  tim.o(i.MX_TIM2_Init)
    MX_TIM3_Init                             0x08002c79   Thumb Code   108  tim.o(i.MX_TIM3_Init)
    MX_TIM3_Init1                            0x08002ced   Thumb Code    90  main.o(i.MX_TIM3_Init1)
    MX_TIM4_Init                             0x08002d51   Thumb Code   108  tim.o(i.MX_TIM4_Init)
    MX_TIM4_Init1                            0x08002dc5   Thumb Code    90  main.o(i.MX_TIM4_Init1)
    MX_USART1_UART_Init                      0x08002e29   Thumb Code    48  usart.o(i.MX_USART1_UART_Init)
    MX_USART2_UART_Init                      0x08002e61   Thumb Code    48  usart.o(i.MX_USART2_UART_Init)
    MemManage_Handler                        0x08002e99   Thumb Code     2  stm32f1xx_it.o(i.MemManage_Handler)
    NMI_Handler                              0x08002e9b   Thumb Code     2  stm32f1xx_it.o(i.NMI_Handler)
    PendSV_Handler                           0x08002e9d   Thumb Code     2  stm32f1xx_it.o(i.PendSV_Handler)
    SVC_Handler                              0x08002e9f   Thumb Code     2  stm32f1xx_it.o(i.SVC_Handler)
    SysTick_Handler                          0x08002ea1   Thumb Code     4  stm32f1xx_it.o(i.SysTick_Handler)
    SystemClock_Config                       0x08002ea5   Thumb Code    78  main.o(i.SystemClock_Config)
    SystemInit                               0x08002ef3   Thumb Code     2  system_stm32f1xx.o(i.SystemInit)
    TIM2_IRQHandler                          0x08002ef5   Thumb Code     6  stm32f1xx_it.o(i.TIM2_IRQHandler)
    TIM_Base_SetConfig                       0x08002f01   Thumb Code    94  stm32f1xx_hal_tim.o(i.TIM_Base_SetConfig)
    TIM_CCxChannelCmd                        0x08002f6d   Thumb Code    26  stm32f1xx_hal_tim.o(i.TIM_CCxChannelCmd)
    TIM_ETR_SetConfig                        0x08002f87   Thumb Code    20  stm32f1xx_hal_tim.o(i.TIM_ETR_SetConfig)
    TIM_OC2_SetConfig                        0x08002ffd   Thumb Code    84  stm32f1xx_hal_tim.o(i.TIM_OC2_SetConfig)
    USART1_IRQHandler                        0x0800330d   Thumb Code     6  stm32f1xx_it.o(i.USART1_IRQHandler)
    UsageFault_Handler                       0x08003319   Thumb Code     2  stm32f1xx_it.o(i.UsageFault_Handler)
    __0printf                                0x0800331d   Thumb Code    22  printfa.o(i.__0printf)
    __1printf                                0x0800331d   Thumb Code     0  printfa.o(i.__0printf)
    __2printf                                0x0800331d   Thumb Code     0  printfa.o(i.__0printf)
    __c89printf                              0x0800331d   Thumb Code     0  printfa.o(i.__0printf)
    printf                                   0x0800331d   Thumb Code     0  printfa.o(i.__0printf)
    __ARM_fpclassify                         0x0800333d   Thumb Code    40  fpclassify.o(i.__ARM_fpclassify)
    __kernel_poly                            0x08003385   Thumb Code   170  poly.o(i.__kernel_poly)
    __mathlib_dbl_infnan                     0x0800342f   Thumb Code     6  dunder.o(i.__mathlib_dbl_infnan)
    __mathlib_dbl_infnan2                    0x08003435   Thumb Code     4  dunder.o(i.__mathlib_dbl_infnan2)
    __mathlib_dbl_invalid                    0x08003439   Thumb Code    12  dunder.o(i.__mathlib_dbl_invalid)
    __mathlib_dbl_underflow                  0x08003445   Thumb Code    10  dunder.o(i.__mathlib_dbl_underflow)
    __scatterload_copy                       0x08003455   Thumb Code    14  handlers.o(i.__scatterload_copy)
    __scatterload_null                       0x08003463   Thumb Code     2  handlers.o(i.__scatterload_null)
    __scatterload_zeroinit                   0x08003465   Thumb Code    14  handlers.o(i.__scatterload_zeroinit)
    __set_errno                              0x08003475   Thumb Code     6  errno.o(i.__set_errno)
    asin                                     0x08003db5   Thumb Code   572  asin.o(i.asin)
    atan                                     0x08004025   Thumb Code   474  atan.o(i.atan)
    atan2                                    0x08004245   Thumb Code   346  atan2.o(i.atan2)
    dmp_enable_6x_lp_quat                    0x080043c5   Thumb Code    58  inv_mpu_dmp_motion_driver.o(i.dmp_enable_6x_lp_quat)
    dmp_enable_feature                       0x08004401   Thumb Code   464  inv_mpu_dmp_motion_driver.o(i.dmp_enable_feature)
    dmp_enable_gyro_cal                      0x080045d9   Thumb Code    34  inv_mpu_dmp_motion_driver.o(i.dmp_enable_gyro_cal)
    dmp_enable_lp_quat                       0x08004615   Thumb Code    58  inv_mpu_dmp_motion_driver.o(i.dmp_enable_lp_quat)
    dmp_i2c_read                             0x08004651   Thumb Code    26  mpu6050.o(i.dmp_i2c_read)
    dmp_i2c_write                            0x08004671   Thumb Code    26  mpu6050.o(i.dmp_i2c_write)
    dmp_init                                 0x08004691   Thumb Code   384  mpu6050.o(i.dmp_init)
    dmp_load_motion_driver_firmware          0x0800498d   Thumb Code    16  inv_mpu_dmp_motion_driver.o(i.dmp_load_motion_driver_firmware)
    dmp_read_fifo                            0x080049a1   Thumb Code   320  inv_mpu_dmp_motion_driver.o(i.dmp_read_fifo)
    dmp_set_accel_bias                       0x08004ae5   Thumb Code   210  inv_mpu_dmp_motion_driver.o(i.dmp_set_accel_bias)
    dmp_set_fifo_rate                        0x08004bbd   Thumb Code    82  inv_mpu_dmp_motion_driver.o(i.dmp_set_fifo_rate)
    dmp_set_gyro_bias                        0x08004c21   Thumb Code   196  inv_mpu_dmp_motion_driver.o(i.dmp_set_gyro_bias)
    dmp_set_orientation                      0x08004ced   Thumb Code   246  inv_mpu_dmp_motion_driver.o(i.dmp_set_orientation)
    dmp_set_shake_reject_thresh              0x08004df9   Thumb Code    48  inv_mpu_dmp_motion_driver.o(i.dmp_set_shake_reject_thresh)
    dmp_set_shake_reject_time                0x08004e29   Thumb Code    32  inv_mpu_dmp_motion_driver.o(i.dmp_set_shake_reject_time)
    dmp_set_shake_reject_timeout             0x08004e49   Thumb Code    32  inv_mpu_dmp_motion_driver.o(i.dmp_set_shake_reject_timeout)
    dmp_set_tap_axes                         0x08004e69   Thumb Code    64  inv_mpu_dmp_motion_driver.o(i.dmp_set_tap_axes)
    dmp_set_tap_count                        0x08004ea9   Thumb Code    34  inv_mpu_dmp_motion_driver.o(i.dmp_set_tap_count)
    dmp_set_tap_thresh                       0x08004ecd   Thumb Code   274  inv_mpu_dmp_motion_driver.o(i.dmp_set_tap_thresh)
    dmp_set_tap_time                         0x08004ff5   Thumb Code    32  inv_mpu_dmp_motion_driver.o(i.dmp_set_tap_time)
    dmp_set_tap_time_multi                   0x08005015   Thumb Code    32  inv_mpu_dmp_motion_driver.o(i.dmp_set_tap_time_multi)
    f4_get_tick_ms_cnt                       0x08005035   Thumb Code    12  mpu6050.o(i.f4_get_tick_ms_cnt)
    fputc                                    0x08005041   Thumb Code    26  main.o(i.fputc)
    main                                     0x0800553d   Thumb Code   200  main.o(i.main)
    max                                      0x08005659   Thumb Code    32  main.o(i.max)
    min                                      0x08005679   Thumb Code    32  main.o(i.min)
    mpu_configure_fifo                       0x08005699   Thumb Code    78  inv_mpu.o(i.mpu_configure_fifo)
    mpu_get_accel_fsr                        0x080056ed   Thumb Code    54  inv_mpu.o(i.mpu_get_accel_fsr)
    mpu_get_accel_sens                       0x08005729   Thumb Code    62  inv_mpu.o(i.mpu_get_accel_sens)
    mpu_get_gyro_fsr                         0x0800576d   Thumb Code    48  inv_mpu.o(i.mpu_get_gyro_fsr)
    mpu_get_gyro_sens                        0x080057a1   Thumb Code    44  inv_mpu.o(i.mpu_get_gyro_sens)
    mpu_get_lpf                              0x080057e1   Thumb Code    52  inv_mpu.o(i.mpu_get_lpf)
    mpu_get_sample_rate                      0x08005819   Thumb Code    22  inv_mpu.o(i.mpu_get_sample_rate)
    mpu_init                                 0x08005835   Thumb Code   310  inv_mpu.o(i.mpu_init)
    mpu_load_firmware                        0x080059bd   Thumb Code   154  inv_mpu.o(i.mpu_load_firmware)
    mpu_lp_accel_mode                        0x08005a5d   Thumb Code   178  inv_mpu.o(i.mpu_lp_accel_mode)
    mpu_read_fifo_stream                     0x08005b15   Thumb Code   140  inv_mpu.o(i.mpu_read_fifo_stream)
    mpu_read_mem                             0x08005ba5   Thumb Code    80  inv_mpu.o(i.mpu_read_mem)
    mpu_reset_fifo                           0x08005bf9   Thumb Code   346  inv_mpu.o(i.mpu_reset_fifo)
    mpu_run_self_test                        0x08005d59   Thumb Code   234  inv_mpu.o(i.mpu_run_self_test)
    mpu_set_accel_fsr                        0x08005e49   Thumb Code    98  inv_mpu.o(i.mpu_set_accel_fsr)
    mpu_set_bypass                           0x08005eb1   Thumb Code   214  inv_mpu.o(i.mpu_set_bypass)
    mpu_set_dmp_state                        0x08005f8d   Thumb Code   114  inv_mpu.o(i.mpu_set_dmp_state)
    mpu_set_gyro_fsr                         0x08006005   Thumb Code   104  inv_mpu.o(i.mpu_set_gyro_fsr)
    mpu_set_int_latched                      0x08006071   Thumb Code    94  inv_mpu.o(i.mpu_set_int_latched)
    mpu_set_lpf                              0x080060d5   Thumb Code   102  inv_mpu.o(i.mpu_set_lpf)
    mpu_set_sample_rate                      0x08006141   Thumb Code   124  inv_mpu.o(i.mpu_set_sample_rate)
    mpu_set_sensors                          0x080061c1   Thumb Code   178  inv_mpu.o(i.mpu_set_sensors)
    mpu_write_mem                            0x08006279   Thumb Code    80  inv_mpu.o(i.mpu_write_mem)
    my_hal_delay                             0x080062cd   Thumb Code     4  mpu6050.o(i.my_hal_delay)
    output                                   0x080062d1   Thumb Code    86  main.o(i.output)
    read_dmp                                 0x08006329   Thumb Code   406  mpu6050.o(i.read_dmp)
    sqrt                                     0x080065c1   Thumb Code    76  sqrt.o(i.sqrt)
    w_mpu_init                               0x0800660d   Thumb Code   134  mpu6050.o(i.w_mpu_init)
    w_mpu_read_byte                          0x080066b9   Thumb Code    40  mpu6050.o(i.w_mpu_read_byte)
    w_mpu_read_device_address                0x080066e9   Thumb Code    20  mpu6050.o(i.w_mpu_read_device_address)
    w_mpu_set_acce_fsr                       0x08006701   Thumb Code    20  mpu6050.o(i.w_mpu_set_acce_fsr)
    w_mpu_set_dlpf                           0x08006715   Thumb Code    18  mpu6050.o(i.w_mpu_set_dlpf)
    w_mpu_set_gyro_fsr                       0x08006727   Thumb Code    20  mpu6050.o(i.w_mpu_set_gyro_fsr)
    w_mpu_set_sample_rate                    0x0800673b   Thumb Code    18  mpu6050.o(i.w_mpu_set_sample_rate)
    w_mpu_write_byte                         0x0800674d   Thumb Code    40  mpu6050.o(i.w_mpu_write_byte)
    AHBPrescTable                            0x08006778   Data          16  system_stm32f1xx.o(.constdata)
    APBPrescTable                            0x08006788   Data           8  system_stm32f1xx.o(.constdata)
    reg                                      0x08006790   Data          30  inv_mpu.o(.constdata)
    hw                                       0x080067ae   Data          12  inv_mpu.o(.constdata)
    test                                     0x080067bc   Data          40  inv_mpu.o(.constdata)
    __mathlib_zero                           0x080074c8   Data           8  qnan.o(.constdata)
    Region$$Table$$Base                      0x080075ec   Number         0  anon$$obj.o(Region$$Table)
    Region$$Table$$Limit                     0x0800760c   Number         0  anon$$obj.o(Region$$Table)
    x1                                       0x20000000   Data           4  main.o(.data)
    x2                                       0x20000004   Data           4  main.o(.data)
    s                                        0x20000008   Data           8  main.o(.data)
    l                                        0x20000010   Data           8  main.o(.data)
    nums                                     0x20000018   Data           8  main.o(.data)
    kp                                       0x20000020   Data           8  main.o(.data)
    ki                                       0x20000028   Data           8  main.o(.data)
    kd                                       0x20000030   Data           8  main.o(.data)
    last_e                                   0x20000038   Data           8  main.o(.data)
    ans                                      0x20000040   Data           8  main.o(.data)
    vee                                      0x20000048   Data           8  main.o(.data)
    ve                                       0x20000050   Data           8  main.o(.data)
    vnums                                    0x20000058   Data           8  main.o(.data)
    vkp                                      0x20000060   Data           8  main.o(.data)
    vki                                      0x20000068   Data           8  main.o(.data)
    vkd                                      0x20000070   Data           8  main.o(.data)
    last_ve                                  0x20000078   Data           8  main.o(.data)
    uwTickFreq                               0x20000080   Data           1  stm32f1xx_hal.o(.data)
    uwTickPrio                               0x20000084   Data           4  stm32f1xx_hal.o(.data)
    uwTick                                   0x20000088   Data           4  stm32f1xx_hal.o(.data)
    SystemCoreClock                          0x2000008c   Data           4  system_stm32f1xx.o(.data)
    __stdout                                 0x200000d0   Data           4  stdout.o(.data)
    data                                     0x200000d8   Data          10  main.o(.bss)
    hi2c1                                    0x200000e4   Data          84  i2c.o(.bss)
    htim2                                    0x20000138   Data          72  tim.o(.bss)
    htim3                                    0x20000180   Data          72  tim.o(.bss)
    htim4                                    0x200001c8   Data          72  tim.o(.bss)
    huart1                                   0x20000210   Data          64  usart.o(.bss)
    huart2                                   0x20000250   Data          64  usart.o(.bss)
    mpu_raw_msg                              0x200002a0   Data          16  mpu6050.o(.bss)
    mpu_pose_msg                             0x200002b0   Data          12  mpu6050.o(.bss)
    __initial_sp                             0x200006c0   Data           0  startup_stm32f103xb.o(STACK)



==============================================================================

Memory Map of the image

  Image Entry point : 0x080000ed

  Load Region LR_IROM1 (Base: 0x08000000, Size: 0x000076e4, Max: 0x00010000, ABSOLUTE)

    Execution Region ER_IROM1 (Exec base: 0x08000000, Load base: 0x08000000, Size: 0x0000760c, Max: 0x00010000, ABSOLUTE)

    Exec Addr    Load Addr    Size         Type   Attr      Idx    E Section Name        Object

    0x08000000   0x08000000   0x000000ec   Data   RO            3    RESET               startup_stm32f103xb.o
    0x080000ec   0x080000ec   0x00000000   Code   RO         4082  * .ARM.Collect$$$$00000000  mc_w.l(entry.o)
    0x080000ec   0x080000ec   0x00000004   Code   RO         4425    .ARM.Collect$$$$00000001  mc_w.l(entry2.o)
    0x080000f0   0x080000f0   0x00000004   Code   RO         4428    .ARM.Collect$$$$00000004  mc_w.l(entry5.o)
    0x080000f4   0x080000f4   0x00000000   Code   RO         4430    .ARM.Collect$$$$00000008  mc_w.l(entry7b.o)
    0x080000f4   0x080000f4   0x00000000   Code   RO         4432    .ARM.Collect$$$$0000000A  mc_w.l(entry8b.o)
    0x080000f4   0x080000f4   0x00000008   Code   RO         4433    .ARM.Collect$$$$0000000B  mc_w.l(entry9a.o)
    0x080000fc   0x080000fc   0x00000000   Code   RO         4435    .ARM.Collect$$$$0000000D  mc_w.l(entry10a.o)
    0x080000fc   0x080000fc   0x00000000   Code   RO         4437    .ARM.Collect$$$$0000000F  mc_w.l(entry11a.o)
    0x080000fc   0x080000fc   0x00000004   Code   RO         4426    .ARM.Collect$$$$00002712  mc_w.l(entry2.o)
    0x08000100   0x08000100   0x00000024   Code   RO            4    .text               startup_stm32f103xb.o
    0x08000124   0x08000124   0x00000062   Code   RO         4085    .text               mc_w.l(ldiv.o)
    0x08000186   0x08000186   0x00000020   Code   RO         4087    .text               mc_w.l(llushr.o)
    0x080001a6   0x080001a6   0x00000024   Code   RO         4089    .text               mc_w.l(memseta.o)
    0x080001ca   0x080001ca   0x0000001a   Code   RO         4091    .text               mc_w.l(memcmp.o)
    0x080001e4   0x080001e4   0x000000b0   Code   RO         4354    .text               mf_w.l(fadd.o)
    0x08000294   0x08000294   0x00000064   Code   RO         4356    .text               mf_w.l(fmul.o)
    0x080002f8   0x080002f8   0x0000007c   Code   RO         4358    .text               mf_w.l(fdiv.o)
    0x08000374   0x08000374   0x00000018   Code   RO         4360    .text               mf_w.l(fscalb.o)
    0x0800038c   0x0800038c   0x0000014e   Code   RO         4362    .text               mf_w.l(dadd.o)
    0x080004da   0x080004da   0x000000e4   Code   RO         4364    .text               mf_w.l(dmul.o)
    0x080005be   0x080005be   0x000000de   Code   RO         4366    .text               mf_w.l(ddiv.o)
    0x0800069c   0x0800069c   0x00000012   Code   RO         4368    .text               mf_w.l(fflti.o)
    0x080006ae   0x080006ae   0x0000000a   Code   RO         4370    .text               mf_w.l(ffltui.o)
    0x080006b8   0x080006b8   0x00000022   Code   RO         4372    .text               mf_w.l(dflti.o)
    0x080006da   0x080006da   0x00000032   Code   RO         4374    .text               mf_w.l(ffixi.o)
    0x0800070c   0x0800070c   0x00000028   Code   RO         4376    .text               mf_w.l(ffixui.o)
    0x08000734   0x08000734   0x0000003e   Code   RO         4378    .text               mf_w.l(dfixi.o)
    0x08000772   0x08000772   0x00000026   Code   RO         4380    .text               mf_w.l(f2d.o)
    0x08000798   0x08000798   0x00000030   Code   RO         4382    .text               mf_w.l(cdcmple.o)
    0x080007c8   0x080007c8   0x00000030   Code   RO         4384    .text               mf_w.l(cdrcmple.o)
    0x080007f8   0x080007f8   0x00000038   Code   RO         4386    .text               mf_w.l(d2f.o)
    0x08000830   0x08000830   0x0000002c   Code   RO         4440    .text               mc_w.l(uidiv.o)
    0x0800085c   0x0800085c   0x00000062   Code   RO         4442    .text               mc_w.l(uldiv.o)
    0x080008be   0x080008be   0x0000001e   Code   RO         4444    .text               mc_w.l(llshl.o)
    0x080008dc   0x080008dc   0x00000024   Code   RO         4446    .text               mc_w.l(llsshr.o)
    0x08000900   0x08000900   0x00000000   Code   RO         4455    .text               mc_w.l(iusefp.o)
    0x08000900   0x08000900   0x0000006e   Code   RO         4456    .text               mf_w.l(fepilogue.o)
    0x0800096e   0x0800096e   0x000000ba   Code   RO         4458    .text               mf_w.l(depilogue.o)
    0x08000a28   0x08000a28   0x0000002e   Code   RO         4460    .text               mf_w.l(dscalb.o)
    0x08000a56   0x08000a56   0x00000030   Code   RO         4462    .text               mf_w.l(dfixul.o)
    0x08000a86   0x08000a86   0x00000002   PAD
    0x08000a88   0x08000a88   0x00000024   Code   RO         4464    .text               mc_w.l(init.o)
    0x08000aac   0x08000aac   0x000000a2   Code   RO         4466    .text               mf_w.l(dsqrt.o)
    0x08000b4e   0x08000b4e   0x00000002   Code   RO          515    i.BusFault_Handler  stm32f1xx_it.o
    0x08000b50   0x08000b50   0x00000140   Code   RO           13    i.Changef           main.o
    0x08000c90   0x08000c90   0x00000002   Code   RO          516    i.DebugMon_Handler  stm32f1xx_it.o
    0x08000c92   0x08000c92   0x00000002   Code   RO           14    i.Error_Handler     main.o
    0x08000c94   0x08000c94   0x00000098   Code   RO         1470    i.HAL_DMA_Abort_IT  stm32f1xx_hal_dma.o
    0x08000d2c   0x08000d2c   0x00000024   Code   RO         1097    i.HAL_Delay         stm32f1xx_hal.o
    0x08000d50   0x08000d50   0x000001e0   Code   RO         1405    i.HAL_GPIO_Init     stm32f1xx_hal_gpio.o
    0x08000f30   0x08000f30   0x0000000a   Code   RO         1409    i.HAL_GPIO_WritePin  stm32f1xx_hal_gpio.o
    0x08000f3a   0x08000f3a   0x00000002   PAD
    0x08000f3c   0x08000f3c   0x0000000c   Code   RO         1101    i.HAL_GetTick       stm32f1xx_hal.o
    0x08000f48   0x08000f48   0x00000188   Code   RO          674    i.HAL_I2C_Init      stm32f1xx_hal_i2c.o
    0x080010d0   0x080010d0   0x00000250   Code   RO          692    i.HAL_I2C_Mem_Read  stm32f1xx_hal_i2c.o
    0x08001320   0x08001320   0x00000130   Code   RO          695    i.HAL_I2C_Mem_Write  stm32f1xx_hal_i2c.o
    0x08001450   0x08001450   0x00000070   Code   RO          354    i.HAL_I2C_MspInit   i2c.o
    0x080014c0   0x080014c0   0x00000010   Code   RO         1107    i.HAL_IncTick       stm32f1xx_hal.o
    0x080014d0   0x080014d0   0x00000024   Code   RO         1108    i.HAL_Init          stm32f1xx_hal.o
    0x080014f4   0x080014f4   0x00000040   Code   RO         1109    i.HAL_InitTick      stm32f1xx_hal.o
    0x08001534   0x08001534   0x0000003c   Code   RO          603    i.HAL_MspInit       stm32f1xx_hal_msp.o
    0x08001570   0x08001570   0x0000001a   Code   RO         1565    i.HAL_NVIC_EnableIRQ  stm32f1xx_hal_cortex.o
    0x0800158a   0x0800158a   0x00000002   PAD
    0x0800158c   0x0800158c   0x00000040   Code   RO         1571    i.HAL_NVIC_SetPriority  stm32f1xx_hal_cortex.o
    0x080015cc   0x080015cc   0x00000024   Code   RO         1572    i.HAL_NVIC_SetPriorityGrouping  stm32f1xx_hal_cortex.o
    0x080015f0   0x080015f0   0x0000012c   Code   RO         1265    i.HAL_RCC_ClockConfig  stm32f1xx_hal_rcc.o
    0x0800171c   0x0800171c   0x00000020   Code   RO         1272    i.HAL_RCC_GetPCLK1Freq  stm32f1xx_hal_rcc.o
    0x0800173c   0x0800173c   0x00000020   Code   RO         1273    i.HAL_RCC_GetPCLK2Freq  stm32f1xx_hal_rcc.o
    0x0800175c   0x0800175c   0x0000006c   Code   RO         1274    i.HAL_RCC_GetSysClockFreq  stm32f1xx_hal_rcc.o
    0x080017c8   0x080017c8   0x00000320   Code   RO         1277    i.HAL_RCC_OscConfig  stm32f1xx_hal_rcc.o
    0x08001ae8   0x08001ae8   0x00000028   Code   RO         1576    i.HAL_SYSTICK_Config  stm32f1xx_hal_cortex.o
    0x08001b10   0x08001b10   0x00000002   Code   RO         2771    i.HAL_TIMEx_BreakCallback  stm32f1xx_hal_tim_ex.o
    0x08001b12   0x08001b12   0x00000002   Code   RO         2772    i.HAL_TIMEx_CommutCallback  stm32f1xx_hal_tim_ex.o
    0x08001b14   0x08001b14   0x00000068   Code   RO         2790    i.HAL_TIMEx_MasterConfigSynchronization  stm32f1xx_hal_tim_ex.o
    0x08001b7c   0x08001b7c   0x0000005a   Code   RO         2067    i.HAL_TIM_Base_Init  stm32f1xx_hal_tim.o
    0x08001bd6   0x08001bd6   0x00000002   PAD
    0x08001bd8   0x08001bd8   0x00000038   Code   RO          396    i.HAL_TIM_Base_MspInit  tim.o
    0x08001c10   0x08001c10   0x00000058   Code   RO         2072    i.HAL_TIM_Base_Start_IT  stm32f1xx_hal_tim.o
    0x08001c68   0x08001c68   0x000000d6   Code   RO         2076    i.HAL_TIM_ConfigClockSource  stm32f1xx_hal_tim.o
    0x08001d3e   0x08001d3e   0x00000002   Code   RO         2101    i.HAL_TIM_IC_CaptureCallback  stm32f1xx_hal_tim.o
    0x08001d40   0x08001d40   0x00000166   Code   RO         2115    i.HAL_TIM_IRQHandler  stm32f1xx_hal_tim.o
    0x08001ea6   0x08001ea6   0x00000002   PAD
    0x08001ea8   0x08001ea8   0x0000008c   Code   RO          397    i.HAL_TIM_MspPostInit  tim.o
    0x08001f34   0x08001f34   0x00000002   Code   RO         2118    i.HAL_TIM_OC_DelayElapsedCallback  stm32f1xx_hal_tim.o
    0x08001f36   0x08001f36   0x000000c6   Code   RO         2139    i.HAL_TIM_PWM_ConfigChannel  stm32f1xx_hal_tim.o
    0x08001ffc   0x08001ffc   0x0000005a   Code   RO         2142    i.HAL_TIM_PWM_Init  stm32f1xx_hal_tim.o
    0x08002056   0x08002056   0x00000002   PAD
    0x08002058   0x08002058   0x00000040   Code   RO          399    i.HAL_TIM_PWM_MspInit  tim.o
    0x08002098   0x08002098   0x00000002   Code   RO         2145    i.HAL_TIM_PWM_PulseFinishedCallback  stm32f1xx_hal_tim.o
    0x0800209a   0x0800209a   0x00000002   PAD
    0x0800209c   0x0800209c   0x0000009c   Code   RO         2147    i.HAL_TIM_PWM_Start  stm32f1xx_hal_tim.o
    0x08002138   0x08002138   0x00000070   Code   RO         2150    i.HAL_TIM_PWM_Stop  stm32f1xx_hal_tim.o
    0x080021a8   0x080021a8   0x00000198   Code   RO           15    i.HAL_TIM_PeriodElapsedCallback  main.o
    0x08002340   0x08002340   0x00000002   Code   RO         2158    i.HAL_TIM_TriggerCallback  stm32f1xx_hal_tim.o
    0x08002342   0x08002342   0x00000002   Code   RO         3059    i.HAL_UART_ErrorCallback  stm32f1xx_hal_uart.o
    0x08002344   0x08002344   0x0000015c   Code   RO         3062    i.HAL_UART_IRQHandler  stm32f1xx_hal_uart.o
    0x080024a0   0x080024a0   0x00000062   Code   RO         3063    i.HAL_UART_Init     stm32f1xx_hal_uart.o
    0x08002502   0x08002502   0x00000002   PAD
    0x08002504   0x08002504   0x000000cc   Code   RO          468    i.HAL_UART_MspInit  usart.o
    0x080025d0   0x080025d0   0x00000052   Code   RO         3068    i.HAL_UART_Receive_IT  stm32f1xx_hal_uart.o
    0x08002622   0x08002622   0x00000002   PAD
    0x08002624   0x08002624   0x0000009c   Code   RO           16    i.HAL_UART_RxCpltCallback  main.o
    0x080026c0   0x080026c0   0x000000b2   Code   RO         3071    i.HAL_UART_Transmit  stm32f1xx_hal_uart.o
    0x08002772   0x08002772   0x00000002   Code   RO         3074    i.HAL_UART_TxCpltCallback  stm32f1xx_hal_uart.o
    0x08002774   0x08002774   0x00000002   Code   RO          517    i.HardFault_Handler  stm32f1xx_it.o
    0x08002776   0x08002776   0x0000002e   Code   RO          716    i.I2C_IsAcknowledgeFailed  stm32f1xx_hal_i2c.o
    0x080027a4   0x080027a4   0x000000fc   Code   RO          726    i.I2C_RequestMemoryRead  stm32f1xx_hal_i2c.o
    0x080028a0   0x080028a0   0x000000a8   Code   RO          727    i.I2C_RequestMemoryWrite  stm32f1xx_hal_i2c.o
    0x08002948   0x08002948   0x0000004c   Code   RO          730    i.I2C_WaitOnBTFFlagUntilTimeout  stm32f1xx_hal_i2c.o
    0x08002994   0x08002994   0x00000068   Code   RO          731    i.I2C_WaitOnFlagUntilTimeout  stm32f1xx_hal_i2c.o
    0x080029fc   0x080029fc   0x00000096   Code   RO          732    i.I2C_WaitOnMasterAddressFlagUntilTimeout  stm32f1xx_hal_i2c.o
    0x08002a92   0x08002a92   0x00000066   Code   RO          733    i.I2C_WaitOnRXNEFlagUntilTimeout  stm32f1xx_hal_i2c.o
    0x08002af8   0x08002af8   0x0000004c   Code   RO          734    i.I2C_WaitOnTXEFlagUntilTimeout  stm32f1xx_hal_i2c.o
    0x08002b44   0x08002b44   0x00000090   Code   RO          242    i.MX_GPIO_Init      gpio.o
    0x08002bd4   0x08002bd4   0x00000040   Code   RO          355    i.MX_I2C1_Init      i2c.o
    0x08002c14   0x08002c14   0x00000064   Code   RO          400    i.MX_TIM2_Init      tim.o
    0x08002c78   0x08002c78   0x00000074   Code   RO          401    i.MX_TIM3_Init      tim.o
    0x08002cec   0x08002cec   0x00000064   Code   RO           17    i.MX_TIM3_Init1     main.o
    0x08002d50   0x08002d50   0x00000074   Code   RO          402    i.MX_TIM4_Init      tim.o
    0x08002dc4   0x08002dc4   0x00000064   Code   RO           18    i.MX_TIM4_Init1     main.o
    0x08002e28   0x08002e28   0x00000038   Code   RO          469    i.MX_USART1_UART_Init  usart.o
    0x08002e60   0x08002e60   0x00000038   Code   RO          470    i.MX_USART2_UART_Init  usart.o
    0x08002e98   0x08002e98   0x00000002   Code   RO          518    i.MemManage_Handler  stm32f1xx_it.o
    0x08002e9a   0x08002e9a   0x00000002   Code   RO          519    i.NMI_Handler       stm32f1xx_it.o
    0x08002e9c   0x08002e9c   0x00000002   Code   RO          520    i.PendSV_Handler    stm32f1xx_it.o
    0x08002e9e   0x08002e9e   0x00000002   Code   RO          521    i.SVC_Handler       stm32f1xx_it.o
    0x08002ea0   0x08002ea0   0x00000004   Code   RO          522    i.SysTick_Handler   stm32f1xx_it.o
    0x08002ea4   0x08002ea4   0x0000004e   Code   RO           19    i.SystemClock_Config  main.o
    0x08002ef2   0x08002ef2   0x00000002   Code   RO         3360    i.SystemInit        system_stm32f1xx.o
    0x08002ef4   0x08002ef4   0x0000000c   Code   RO          523    i.TIM2_IRQHandler   stm32f1xx_it.o
    0x08002f00   0x08002f00   0x0000006c   Code   RO         2160    i.TIM_Base_SetConfig  stm32f1xx_hal_tim.o
    0x08002f6c   0x08002f6c   0x0000001a   Code   RO         2161    i.TIM_CCxChannelCmd  stm32f1xx_hal_tim.o
    0x08002f86   0x08002f86   0x00000014   Code   RO         2171    i.TIM_ETR_SetConfig  stm32f1xx_hal_tim.o
    0x08002f9a   0x08002f9a   0x00000010   Code   RO         2172    i.TIM_ITRx_SetConfig  stm32f1xx_hal_tim.o
    0x08002faa   0x08002faa   0x00000002   PAD
    0x08002fac   0x08002fac   0x00000050   Code   RO         2173    i.TIM_OC1_SetConfig  stm32f1xx_hal_tim.o
    0x08002ffc   0x08002ffc   0x00000058   Code   RO         2174    i.TIM_OC2_SetConfig  stm32f1xx_hal_tim.o
    0x08003054   0x08003054   0x00000058   Code   RO         2175    i.TIM_OC3_SetConfig  stm32f1xx_hal_tim.o
    0x080030ac   0x080030ac   0x00000044   Code   RO         2176    i.TIM_OC4_SetConfig  stm32f1xx_hal_tim.o
    0x080030f0   0x080030f0   0x00000022   Code   RO         2178    i.TIM_TI1_ConfigInputStage  stm32f1xx_hal_tim.o
    0x08003112   0x08003112   0x00000024   Code   RO         2180    i.TIM_TI2_ConfigInputStage  stm32f1xx_hal_tim.o
    0x08003136   0x08003136   0x00000010   Code   RO         3076    i.UART_DMAAbortOnError  stm32f1xx_hal_uart.o
    0x08003146   0x08003146   0x0000001c   Code   RO         3086    i.UART_EndRxTransfer  stm32f1xx_hal_uart.o
    0x08003162   0x08003162   0x0000008c   Code   RO         3088    i.UART_Receive_IT   stm32f1xx_hal_uart.o
    0x080031ee   0x080031ee   0x00000002   PAD
    0x080031f0   0x080031f0   0x000000b8   Code   RO         3089    i.UART_SetConfig    stm32f1xx_hal_uart.o
    0x080032a8   0x080032a8   0x00000064   Code   RO         3090    i.UART_WaitOnFlagUntilTimeout  stm32f1xx_hal_uart.o
    0x0800330c   0x0800330c   0x0000000c   Code   RO          524    i.USART1_IRQHandler  stm32f1xx_it.o
    0x08003318   0x08003318   0x00000002   Code   RO          525    i.UsageFault_Handler  stm32f1xx_it.o
    0x0800331a   0x0800331a   0x00000002   PAD
    0x0800331c   0x0800331c   0x00000020   Code   RO         4326    i.__0printf         mc_w.l(printfa.o)
    0x0800333c   0x0800333c   0x00000028   Code   RO         4412    i.__ARM_fpclassify  m_ws.l(fpclassify.o)
    0x08003364   0x08003364   0x00000020   Code   RO         1578    i.__NVIC_SetPriority  stm32f1xx_hal_cortex.o
    0x08003384   0x08003384   0x000000aa   Code   RO         4414    i.__kernel_poly     m_ws.l(poly.o)
    0x0800342e   0x0800342e   0x00000006   Code   RO         4399    i.__mathlib_dbl_infnan  m_ws.l(dunder.o)
    0x08003434   0x08003434   0x00000004   Code   RO         4400    i.__mathlib_dbl_infnan2  m_ws.l(dunder.o)
    0x08003438   0x08003438   0x0000000c   Code   RO         4401    i.__mathlib_dbl_invalid  m_ws.l(dunder.o)
    0x08003444   0x08003444   0x00000010   Code   RO         4404    i.__mathlib_dbl_underflow  m_ws.l(dunder.o)
    0x08003454   0x08003454   0x0000000e   Code   RO         4470    i.__scatterload_copy  mc_w.l(handlers.o)
    0x08003462   0x08003462   0x00000002   Code   RO         4471    i.__scatterload_null  mc_w.l(handlers.o)
    0x08003464   0x08003464   0x0000000e   Code   RO         4472    i.__scatterload_zeroinit  mc_w.l(handlers.o)
    0x08003472   0x08003472   0x00000002   PAD
    0x08003474   0x08003474   0x0000000c   Code   RO         4450    i.__set_errno       mc_w.l(errno.o)
    0x08003480   0x08003480   0x00000184   Code   RO         4333    i._fp_digits        mc_w.l(printfa.o)
    0x08003604   0x08003604   0x000006dc   Code   RO         4334    i._printf_core      mc_w.l(printfa.o)
    0x08003ce0   0x08003ce0   0x00000024   Code   RO         4335    i._printf_post_padding  mc_w.l(printfa.o)
    0x08003d04   0x08003d04   0x0000002e   Code   RO         4336    i._printf_pre_padding  mc_w.l(printfa.o)
    0x08003d32   0x08003d32   0x00000002   PAD
    0x08003d34   0x08003d34   0x00000080   Code   RO         3397    i.accel_self_test   inv_mpu.o
    0x08003db4   0x08003db4   0x00000270   Code   RO         4065    i.asin              m_ws.l(asin.o)
    0x08004024   0x08004024   0x00000220   Code   RO         4389    i.atan              m_ws.l(atan.o)
    0x08004244   0x08004244   0x00000180   Code   RO         4075    i.atan2             m_ws.l(atan2.o)
    0x080043c4   0x080043c4   0x0000003a   Code   RO         3730    i.dmp_enable_6x_lp_quat  inv_mpu_dmp_motion_driver.o
    0x080043fe   0x080043fe   0x00000002   PAD
    0x08004400   0x08004400   0x000001d8   Code   RO         3731    i.dmp_enable_feature  inv_mpu_dmp_motion_driver.o
    0x080045d8   0x080045d8   0x0000003c   Code   RO         3732    i.dmp_enable_gyro_cal  inv_mpu_dmp_motion_driver.o
    0x08004614   0x08004614   0x0000003a   Code   RO         3733    i.dmp_enable_lp_quat  inv_mpu_dmp_motion_driver.o
    0x0800464e   0x0800464e   0x00000002   PAD
    0x08004650   0x08004650   0x00000020   Code   RO         3915    i.dmp_i2c_read      mpu6050.o
    0x08004670   0x08004670   0x00000020   Code   RO         3916    i.dmp_i2c_write     mpu6050.o
    0x08004690   0x08004690   0x000002fc   Code   RO         3917    i.dmp_init          mpu6050.o
    0x0800498c   0x0800498c   0x00000014   Code   RO         3738    i.dmp_load_motion_driver_firmware  inv_mpu_dmp_motion_driver.o
    0x080049a0   0x080049a0   0x00000144   Code   RO         3739    i.dmp_read_fifo     inv_mpu_dmp_motion_driver.o
    0x08004ae4   0x08004ae4   0x000000d8   Code   RO         3742    i.dmp_set_accel_bias  inv_mpu_dmp_motion_driver.o
    0x08004bbc   0x08004bbc   0x00000064   Code   RO         3743    i.dmp_set_fifo_rate  inv_mpu_dmp_motion_driver.o
    0x08004c20   0x08004c20   0x000000cc   Code   RO         3744    i.dmp_set_gyro_bias  inv_mpu_dmp_motion_driver.o
    0x08004cec   0x08004cec   0x0000010c   Code   RO         3746    i.dmp_set_orientation  inv_mpu_dmp_motion_driver.o
    0x08004df8   0x08004df8   0x00000030   Code   RO         3749    i.dmp_set_shake_reject_thresh  inv_mpu_dmp_motion_driver.o
    0x08004e28   0x08004e28   0x00000020   Code   RO         3750    i.dmp_set_shake_reject_time  inv_mpu_dmp_motion_driver.o
    0x08004e48   0x08004e48   0x00000020   Code   RO         3751    i.dmp_set_shake_reject_timeout  inv_mpu_dmp_motion_driver.o
    0x08004e68   0x08004e68   0x00000040   Code   RO         3752    i.dmp_set_tap_axes  inv_mpu_dmp_motion_driver.o
    0x08004ea8   0x08004ea8   0x00000022   Code   RO         3753    i.dmp_set_tap_count  inv_mpu_dmp_motion_driver.o
    0x08004eca   0x08004eca   0x00000002   PAD
    0x08004ecc   0x08004ecc   0x00000128   Code   RO         3754    i.dmp_set_tap_thresh  inv_mpu_dmp_motion_driver.o
    0x08004ff4   0x08004ff4   0x00000020   Code   RO         3755    i.dmp_set_tap_time  inv_mpu_dmp_motion_driver.o
    0x08005014   0x08005014   0x00000020   Code   RO         3756    i.dmp_set_tap_time_multi  inv_mpu_dmp_motion_driver.o
    0x08005034   0x08005034   0x0000000c   Code   RO         3918    i.f4_get_tick_ms_cnt  mpu6050.o
    0x08005040   0x08005040   0x00000020   Code   RO           20    i.fputc             main.o
    0x08005060   0x08005060   0x000000ac   Code   RO         3399    i.get_accel_prod_shift  inv_mpu.o
    0x0800510c   0x0800510c   0x00000314   Code   RO         3400    i.get_st_biases     inv_mpu.o
    0x08005420   0x08005420   0x000000d4   Code   RO         3401    i.gyro_self_test    inv_mpu.o
    0x080054f4   0x080054f4   0x00000048   Code   RO         3920    i.inv_row_2_scale   mpu6050.o
    0x0800553c   0x0800553c   0x0000011c   Code   RO           21    i.main              main.o
    0x08005658   0x08005658   0x00000020   Code   RO           22    i.max               main.o
    0x08005678   0x08005678   0x00000020   Code   RO           23    i.min               main.o
    0x08005698   0x08005698   0x00000054   Code   RO         3402    i.mpu_configure_fifo  inv_mpu.o
    0x080056ec   0x080056ec   0x0000003c   Code   RO         3403    i.mpu_get_accel_fsr  inv_mpu.o
    0x08005728   0x08005728   0x00000044   Code   RO         3405    i.mpu_get_accel_sens  inv_mpu.o
    0x0800576c   0x0800576c   0x00000034   Code   RO         3411    i.mpu_get_gyro_fsr  inv_mpu.o
    0x080057a0   0x080057a0   0x00000040   Code   RO         3413    i.mpu_get_gyro_sens  inv_mpu.o
    0x080057e0   0x080057e0   0x00000038   Code   RO         3415    i.mpu_get_lpf       inv_mpu.o
    0x08005818   0x08005818   0x0000001c   Code   RO         3417    i.mpu_get_sample_rate  inv_mpu.o
    0x08005834   0x08005834   0x00000188   Code   RO         3419    i.mpu_init          inv_mpu.o
    0x080059bc   0x080059bc   0x000000a0   Code   RO         3420    i.mpu_load_firmware  inv_mpu.o
    0x08005a5c   0x08005a5c   0x000000b8   Code   RO         3421    i.mpu_lp_accel_mode  inv_mpu.o
    0x08005b14   0x08005b14   0x00000090   Code   RO         3424    i.mpu_read_fifo_stream  inv_mpu.o
    0x08005ba4   0x08005ba4   0x00000054   Code   RO         3425    i.mpu_read_mem      inv_mpu.o
    0x08005bf8   0x08005bf8   0x00000160   Code   RO         3428    i.mpu_reset_fifo    inv_mpu.o
    0x08005d58   0x08005d58   0x000000f0   Code   RO         3429    i.mpu_run_self_test  inv_mpu.o
    0x08005e48   0x08005e48   0x00000068   Code   RO         3431    i.mpu_set_accel_fsr  inv_mpu.o
    0x08005eb0   0x08005eb0   0x000000dc   Code   RO         3432    i.mpu_set_bypass    inv_mpu.o
    0x08005f8c   0x08005f8c   0x00000078   Code   RO         3434    i.mpu_set_dmp_state  inv_mpu.o
    0x08006004   0x08006004   0x0000006c   Code   RO         3435    i.mpu_set_gyro_fsr  inv_mpu.o
    0x08006070   0x08006070   0x00000064   Code   RO         3436    i.mpu_set_int_latched  inv_mpu.o
    0x080060d4   0x080060d4   0x0000006c   Code   RO         3438    i.mpu_set_lpf       inv_mpu.o
    0x08006140   0x08006140   0x00000080   Code   RO         3439    i.mpu_set_sample_rate  inv_mpu.o
    0x080061c0   0x080061c0   0x000000b8   Code   RO         3440    i.mpu_set_sensors   inv_mpu.o
    0x08006278   0x08006278   0x00000054   Code   RO         3441    i.mpu_write_mem     inv_mpu.o
    0x080062cc   0x080062cc   0x00000004   Code   RO         3921    i.my_hal_delay      mpu6050.o
    0x080062d0   0x080062d0   0x00000056   Code   RO           24    i.output            main.o
    0x08006326   0x08006326   0x00000002   PAD
    0x08006328   0x08006328   0x0000019c   Code   RO         3922    i.read_dmp          mpu6050.o
    0x080064c4   0x080064c4   0x000000a4   Code   RO         3923    i.run_self_test     mpu6050.o
    0x08006568   0x08006568   0x00000058   Code   RO         3442    i.set_int_enable    inv_mpu.o
    0x080065c0   0x080065c0   0x0000004c   Code   RO         4418    i.sqrt              m_ws.l(sqrt.o)
    0x0800660c   0x0800660c   0x000000ac   Code   RO         3924    i.w_mpu_init        mpu6050.o
    0x080066b8   0x080066b8   0x00000030   Code   RO         3926    i.w_mpu_read_byte   mpu6050.o
    0x080066e8   0x080066e8   0x00000018   Code   RO         3928    i.w_mpu_read_device_address  mpu6050.o
    0x08006700   0x08006700   0x00000014   Code   RO         3930    i.w_mpu_set_acce_fsr  mpu6050.o
    0x08006714   0x08006714   0x00000012   Code   RO         3931    i.w_mpu_set_dlpf    mpu6050.o
    0x08006726   0x08006726   0x00000014   Code   RO         3932    i.w_mpu_set_gyro_fsr  mpu6050.o
    0x0800673a   0x0800673a   0x00000012   Code   RO         3933    i.w_mpu_set_sample_rate  mpu6050.o
    0x0800674c   0x0800674c   0x0000002c   Code   RO         3934    i.w_mpu_write_byte  mpu6050.o
    0x08006778   0x08006778   0x00000010   Data   RO         3361    .constdata          system_stm32f1xx.o
    0x08006788   0x08006788   0x00000008   Data   RO         3362    .constdata          system_stm32f1xx.o
    0x08006790   0x08006790   0x0000001e   Data   RO         3443    .constdata          inv_mpu.o
    0x080067ae   0x080067ae   0x0000000c   Data   RO         3444    .constdata          inv_mpu.o
    0x080067ba   0x080067ba   0x00000002   PAD
    0x080067bc   0x080067bc   0x00000028   Data   RO         3445    .constdata          inv_mpu.o
    0x080067e4   0x080067e4   0x00000bf6   Data   RO         3758    .constdata          inv_mpu_dmp_motion_driver.o
    0x080073da   0x080073da   0x00000006   PAD
    0x080073e0   0x080073e0   0x00000050   Data   RO         4066    .constdata          m_ws.l(asin.o)
    0x08007430   0x08007430   0x00000098   Data   RO         4390    .constdata          m_ws.l(atan.o)
    0x080074c8   0x080074c8   0x00000008   Data   RO         4416    .constdata          m_ws.l(qnan.o)
    0x080074d0   0x080074d0   0x0000004d   Data   RO         3446    .conststring        inv_mpu.o
    0x0800751d   0x0800751d   0x00000003   PAD
    0x08007520   0x08007520   0x000000cb   Data   RO         3940    .conststring        mpu6050.o
    0x080075eb   0x080075eb   0x00000001   PAD
    0x080075ec   0x080075ec   0x00000020   Data   RO         4468    Region$$Table       anon$$obj.o


    Execution Region RW_IRAM1 (Exec base: 0x20000000, Load base: 0x0800760c, Size: 0x000006c0, Max: 0x00005000, ABSOLUTE)

    Exec Addr    Load Addr    Size         Type   Attr      Idx    E Section Name        Object

    0x20000000   0x0800760c   0x00000080   Data   RW           29    .data               main.o
    0x20000080   0x0800768c   0x0000000c   Data   RW         1115    .data               stm32f1xx_hal.o
    0x2000008c   0x08007698   0x00000004   Data   RW         3363    .data               system_stm32f1xx.o
    0x20000090   0x0800769c   0x0000002c   Data   RW         3447    .data               inv_mpu.o
    0x200000bc   0x080076c8   0x00000013   Data   RW         3944    .data               mpu6050.o
    0x200000cf   0x080076db   0x00000001   PAD
    0x200000d0   0x080076dc   0x00000004   Data   RW         4439    .data               mc_w.l(stdout.o)
    0x200000d4   0x080076e0   0x00000004   Data   RW         4451    .data               mc_w.l(errno.o)
    0x200000d8        -       0x0000000a   Zero   RW           25    .bss                main.o
    0x200000e2   0x080076e4   0x00000002   PAD
    0x200000e4        -       0x00000054   Zero   RW          356    .bss                i2c.o
    0x20000138        -       0x000000d8   Zero   RW          403    .bss                tim.o
    0x20000210        -       0x00000080   Zero   RW          471    .bss                usart.o
    0x20000290        -       0x00000010   Zero   RW         3757    .bss                inv_mpu_dmp_motion_driver.o
    0x200002a0        -       0x00000010   Zero   RW         3936    .bss                mpu6050.o
    0x200002b0        -       0x0000000c   Zero   RW         3937    .bss                mpu6050.o
    0x200002bc   0x080076e4   0x00000004   PAD
    0x200002c0        -       0x00000400   Zero   RW            1    STACK               startup_stm32f103xb.o


==============================================================================

Image component sizes


      Code (inc. data)   RO Data    RW Data    ZI Data      Debug   Object Name

       144         18          0          0          0     427739   gpio.o
       176         30          0          0         84       1481   i2c.o
      4512        280        159         44          0      26745   inv_mpu.o
      2350        118       3062          0         16      20358   inv_mpu_dmp_motion_driver.o
      1630        198          0        128         10     431251   main.o
      1856        488        203         19         28      39455   mpu6050.o
        36          8        236          0       1024        768   startup_stm32f103xb.o
       164         28          0         12          0       5613   stm32f1xx_hal.o
       198         14          0          0          0      28731   stm32f1xx_hal_cortex.o
       152          4          0          0          0       1031   stm32f1xx_hal_dma.o
       490         34          0          0          0       2784   stm32f1xx_hal_gpio.o
      2262         56          0          0          0      12334   stm32f1xx_hal_i2c.o
        60          8          0          0          0        774   stm32f1xx_hal_msp.o
      1272        100          0          0          0       4980   stm32f1xx_hal_rcc.o
      1878         62          0          0          0      15247   stm32f1xx_hal_tim.o
       108         12          0          0          0       2229   stm32f1xx_hal_tim_ex.o
      1178         10          0          0          0       8543   stm32f1xx_hal_uart.o
        44         12          0          0          0       4248   stm32f1xx_it.o
         2          0         24          4          0        991   system_stm32f1xx.o
       592         58          0          0        216       3816   tim.o
       316         34          0          0        128       2139   usart.o

    ----------------------------------------------------------------------
     19450       1572       3728        208       1512    1041257   Object Totals
         0          0         32          0          0          0   (incl. Generated)
        30          0         12          1          6          0   (incl. Padding)

    ----------------------------------------------------------------------

      Code (inc. data)   RO Data    RW Data    ZI Data      Debug   Library Member Name

       624         52         80          0          0        168   asin.o
       544         70        152          0          0        124   atan.o
       384         38          0          0          0        144   atan2.o
        38          6          0          0          0        272   dunder.o
        40          0          0          0          0         68   fpclassify.o
       170          0          0          0          0         96   poly.o
         0          0          8          0          0          0   qnan.o
        76          0          0          0          0         84   sqrt.o
         0          0          0          0          0          0   entry.o
         0          0          0          0          0          0   entry10a.o
         0          0          0          0          0          0   entry11a.o
         8          4          0          0          0          0   entry2.o
         4          0          0          0          0          0   entry5.o
         0          0          0          0          0          0   entry7b.o
         0          0          0          0          0          0   entry8b.o
         8          4          0          0          0          0   entry9a.o
        12          6          0          4          0         68   errno.o
        30          0          0          0          0          0   handlers.o
        36          8          0          0          0         68   init.o
         0          0          0          0          0          0   iusefp.o
        98          0          0          0          0         84   ldiv.o
        30          0          0          0          0         68   llshl.o
        36          0          0          0          0         68   llsshr.o
        32          0          0          0          0         68   llushr.o
        26          0          0          0          0         80   memcmp.o
        36          0          0          0          0        108   memseta.o
      2258         90          0          0          0        452   printfa.o
         0          0          0          4          0          0   stdout.o
        44          0          0          0          0         80   uidiv.o
        98          0          0          0          0         92   uldiv.o
        48          0          0          0          0         68   cdcmple.o
        48          0          0          0          0         68   cdrcmple.o
        56          0          0          0          0         88   d2f.o
       334          0          0          0          0        148   dadd.o
       222          0          0          0          0        100   ddiv.o
       186          0          0          0          0        176   depilogue.o
        62          0          0          0          0         80   dfixi.o
        48          0          0          0          0         68   dfixul.o
        34          0          0          0          0         76   dflti.o
       228          0          0          0          0         96   dmul.o
        46          0          0          0          0         80   dscalb.o
       162          0          0          0          0        100   dsqrt.o
        38          0          0          0          0         68   f2d.o
       176          0          0          0          0        140   fadd.o
       124          0          0          0          0         88   fdiv.o
       110          0          0          0          0        168   fepilogue.o
        50          0          0          0          0         68   ffixi.o
        40          0          0          0          0         68   ffixui.o
        18          0          0          0          0         68   fflti.o
        10          0          0          0          0         68   ffltui.o
       100          0          0          0          0         76   fmul.o
        24          0          0          0          0         68   fscalb.o

    ----------------------------------------------------------------------
      6802        278        240          8          0       4220   Library Totals
         6          0          0          0          0          0   (incl. Padding)

    ----------------------------------------------------------------------

      Code (inc. data)   RO Data    RW Data    ZI Data      Debug   Library Name

      1876        166        240          0          0        956   m_ws.l
      2756        112          0          8          0       1236   mc_w.l
      2164          0          0          0          0       2028   mf_w.l

    ----------------------------------------------------------------------
      6802        278        240          8          0       4220   Library Totals

    ----------------------------------------------------------------------

==============================================================================


      Code (inc. data)   RO Data    RW Data    ZI Data      Debug   

     26252       1850       3968        216       1512    1034917   Grand Totals
     26252       1850       3968        216       1512    1034917   ELF Image Totals
     26252       1850       3968        216          0          0   ROM Totals

==============================================================================

    Total RO  Size (Code + RO Data)                30220 (  29.51kB)
    Total RW  Size (RW Data + ZI Data)              1728 (   1.69kB)
    Total ROM Size (Code + RO Data + RW Data)      30436 (  29.72kB)

==============================================================================

